2026-07-29 23:05:25.074 [info] Extension host with pid 10171 started
2026-07-29 23:05:25.075 [info] Skipping acquiring lock for /home/atg/.config/Code/User/workspaceStorage/f182cb24c3527b1a5d1bc1e5ab2d2c0f.
2026-07-29 23:05:25.195 [info] ExtensionService#_doActivateExtension vscode.github-authentication, startup: false, activationEvent: 'onAuthenticationRequest:github'
2026-07-29 23:05:25.227 [info] ExtensionService#_doActivateExtension vscode.emmet, startup: false, activationEvent: 'onLanguage'
2026-07-29 23:05:25.242 [info] ExtensionService#_doActivateExtension vscode.configuration-editing, startup: false, activationEvent: 'onLanguage:json'
2026-07-29 23:05:25.253 [info] ExtensionService#_doActivateExtension vscode.extension-editing, startup: false, activationEvent: 'onLanguage:json'
2026-07-29 23:05:25.266 [info] ExtensionService#_doActivateExtension vscode.json-language-features, startup: false, activationEvent: 'onLanguage:json'
2026-07-29 23:05:25.347 [info] ExtensionService#_doActivateExtension vscode.npm, startup: false, activationEvent: 'onLanguage:json'
2026-07-29 23:05:25.666 [info] ExtensionService#_doActivateExtension vscode.git-base, startup: true, activationEvent: '*', root cause: vscode.git
2026-07-29 23:05:25.727 [info] ExtensionService#_doActivateExtension vscode.git, startup: true, activationEvent: '*'
2026-07-29 23:05:25.777 [info] ExtensionService#_doActivateExtension vscode.github, startup: true, activationEvent: '*'
2026-07-29 23:05:26.006 [info] Eager extensions activated
2026-07-29 23:05:26.027 [info] ExtensionService#_doActivateExtension vscode.debug-auto-launch, startup: false, activationEvent: 'onStartupFinished'
2026-07-29 23:05:26.033 [info] ExtensionService#_doActivateExtension vscode.merge-conflict, startup: false, activationEvent: 'onStartupFinished'
2026-07-29 23:06:15.106 [info] ExtensionService#_doActivateExtension DutchIgor.json-viewer, startup: false, activationEvent: 'onCustomEditor:jsonGridViewer.json'
2026-07-29 23:07:07.107 [error] TypeError: Assignment to constant variable.
	at Pp.value (/home/atg/.vscode/extensions/dutchigor.json-viewer-0.1.0/editor/json-grid-editor-provider.js:25:19)
	at T._deliver (file:///usr/share/code/resources/app/out/vs/workbench/api/node/extensionHostProcess.js:431:3244)
	at T.fire (file:///usr/share/code/resources/app/out/vs/workbench/api/node/extensionHostProcess.js:431:3562)
	at xU.dispose (file:///usr/share/code/resources/app/out/vs/workbench/api/node/extensionHostProcess.js:673:114056)
	at i.$onDidDisposeWebviewPanel (file:///usr/share/code/resources/app/out/vs/workbench/api/node/extensionHostProcess.js:673:116323)
	at i._doInvokeHandler (file:///usr/share/code/resources/app/out/vs/workbench/api/node/extensionHostProcess.js:435:158411)
	at i._invokeHandler (file:///usr/share/code/resources/app/out/vs/workbench/api/node/extensionHostProcess.js:435:158159)
	at i._receiveRequest (file:///usr/share/code/resources/app/out/vs/workbench/api/node/extensionHostProcess.js:435:156941)
	at i._receiveOneMessage (file:///usr/share/code/resources/app/out/vs/workbench/api/node/extensionHostProcess.js:435:155779)
	at Pp.value (file:///usr/share/code/resources/app/out/vs/workbench/api/node/extensionHostProcess.js:435:153854)
	at T._deliver (file:///usr/share/code/resources/app/out/vs/workbench/api/node/extensionHostProcess.js:431:3244)
	at T.fire (file:///usr/share/code/resources/app/out/vs/workbench/api/node/extensionHostProcess.js:431:3562)
	at fs.fire (file:///usr/share/code/resources/app/out/vs/workbench/api/node/extensionHostProcess.js:433:8509)
	at Pp.value (file:///usr/share/code/resources/app/out/vs/workbench/api/node/extensionHostProcess.js:852:10003)
	at T._deliver (file:///usr/share/code/resources/app/out/vs/workbench/api/node/extensionHostProcess.js:431:3244)
	at T.fire (file:///usr/share/code/resources/app/out/vs/workbench/api/node/extensionHostProcess.js:431:3562)
	at fs.fire (file:///usr/share/code/resources/app/out/vs/workbench/api/node/extensionHostProcess.js:433:8509)
	at MessagePortMain.<anonymous> (file:///usr/share/code/resources/app/out/vs/workbench/api/node/extensionHostProcess.js:852:8171)
	at MessagePortMain.emit (node:events:509:28)
	at Object.emit (node:electron/js2c/utility_init:2:2934)
2026-07-29 23:07:15.292 [error] TypeError: Assignment to constant variable.
	at Pp.value (/home/atg/.vscode/extensions/dutchigor.json-viewer-0.1.0/editor/json-grid-editor-provider.js:25:19)
	at T._deliver (file:///usr/share/code/resources/app/out/vs/workbench/api/node/extensionHostProcess.js:431:3244)
	at T.fire (file:///usr/share/code/resources/app/out/vs/workbench/api/node/extensionHostProcess.js:431:3562)
	at xU.dispose (file:///usr/share/code/resources/app/out/vs/workbench/api/node/extensionHostProcess.js:673:114056)
	at i.$onDidDisposeWebviewPanel (file:///usr/share/code/resources/app/out/vs/workbench/api/node/extensionHostProcess.js:673:116323)
	at i._doInvokeHandler (file:///usr/share/code/resources/app/out/vs/workbench/api/node/extensionHostProcess.js:435:158411)
	at i._invokeHandler (file:///usr/share/code/resources/app/out/vs/workbench/api/node/extensionHostProcess.js:435:158159)
	at i._receiveRequest (file:///usr/share/code/resources/app/out/vs/workbench/api/node/extensionHostProcess.js:435:156941)
	at i._receiveOneMessage (file:///usr/share/code/resources/app/out/vs/workbench/api/node/extensionHostProcess.js:435:155779)
	at Pp.value (file:///usr/share/code/resources/app/out/vs/workbench/api/node/extensionHostProcess.js:435:153854)
	at T._deliver (file:///usr/share/code/resources/app/out/vs/workbench/api/node/extensionHostProcess.js:431:3244)
	at T.fire (file:///usr/share/code/resources/app/out/vs/workbench/api/node/extensionHostProcess.js:431:3562)
	at fs.fire (file:///usr/share/code/resources/app/out/vs/workbench/api/node/extensionHostProcess.js:433:8509)
	at Pp.value (file:///usr/share/code/resources/app/out/vs/workbench/api/node/extensionHostProcess.js:852:10003)
	at T._deliver (file:///usr/share/code/resources/app/out/vs/workbench/api/node/extensionHostProcess.js:431:3244)
	at T.fire (file:///usr/share/code/resources/app/out/vs/workbench/api/node/extensionHostProcess.js:431:3562)
	at fs.fire (file:///usr/share/code/resources/app/out/vs/workbench/api/node/extensionHostProcess.js:433:8509)
	at MessagePortMain.<anonymous> (file:///usr/share/code/resources/app/out/vs/workbench/api/node/extensionHostProcess.js:852:8171)
	at MessagePortMain.emit (node:events:509:28)
	at Object.emit (node:electron/js2c/utility_init:2:2934)
2026-07-29 23:07:45.734 [error] TypeError: Assignment to constant variable.
	at Pp.value (/home/atg/.vscode/extensions/dutchigor.json-viewer-0.1.0/editor/json-grid-editor-provider.js:25:19)
	at T._deliver (file:///usr/share/code/resources/app/out/vs/workbench/api/node/extensionHostProcess.js:431:3244)
	at T.fire (file:///usr/share/code/resources/app/out/vs/workbench/api/node/extensionHostProcess.js:431:3562)
	at xU.dispose (file:///usr/share/code/resources/app/out/vs/workbench/api/node/extensionHostProcess.js:673:114056)
	at i.$onDidDisposeWebviewPanel (file:///usr/share/code/resources/app/out/vs/workbench/api/node/extensionHostProcess.js:673:116323)
	at i._doInvokeHandler (file:///usr/share/code/resources/app/out/vs/workbench/api/node/extensionHostProcess.js:435:158411)
	at i._invokeHandler (file:///usr/share/code/resources/app/out/vs/workbench/api/node/extensionHostProcess.js:435:158159)
	at i._receiveRequest (file:///usr/share/code/resources/app/out/vs/workbench/api/node/extensionHostProcess.js:435:156941)
	at i._receiveOneMessage (file:///usr/share/code/resources/app/out/vs/workbench/api/node/extensionHostProcess.js:435:155779)
	at Pp.value (file:///usr/share/code/resources/app/out/vs/workbench/api/node/extensionHostProcess.js:435:153854)
	at T._deliver (file:///usr/share/code/resources/app/out/vs/workbench/api/node/extensionHostProcess.js:431:3244)
	at T.fire (file:///usr/share/code/resources/app/out/vs/workbench/api/node/extensionHostProcess.js:431:3562)
	at fs.fire (file:///usr/share/code/resources/app/out/vs/workbench/api/node/extensionHostProcess.js:433:8509)
	at Pp.value (file:///usr/share/code/resources/app/out/vs/workbench/api/node/extensionHostProcess.js:852:10003)
	at T._deliver (file:///usr/share/code/resources/app/out/vs/workbench/api/node/extensionHostProcess.js:431:3244)
	at T.fire (file:///usr/share/code/resources/app/out/vs/workbench/api/node/extensionHostProcess.js:431:3562)
	at fs.fire (file:///usr/share/code/resources/app/out/vs/workbench/api/node/extensionHostProcess.js:433:8509)
	at MessagePortMain.<anonymous> (file:///usr/share/code/resources/app/out/vs/workbench/api/node/extensionHostProcess.js:852:8171)
	at MessagePortMain.emit (node:events:509:28)
	at Object.emit (node:electron/js2c/utility_init:2:2934)
2026-07-29 23:07:47.885 [info] Extension host terminating: received terminate message from renderer
2026-07-29 23:07:47.907 [info] Extension host with pid 10171 exiting with code 0
