2026-08-16 18:10:10.189 [info] Reading sessions from keychain...
2026-08-16 18:10:10.189 [info] Getting sessions for all scopes...
2026-08-16 18:10:10.191 [info] Got 0 sessions for ...
2026-08-16 18:10:10.191 [info] Getting sessions for all scopes...
2026-08-16 18:10:10.191 [info] Got 0 sessions for ...
2026-08-16 18:10:10.191 [info] Getting sessions for all scopes...
2026-08-16 18:10:10.191 [info] Got 0 sessions for ...
2026-08-16 18:10:10.191 [info] Getting sessions for user:email...
2026-08-16 18:10:10.191 [info] Got 0 sessions for user:email...
2026-08-16 18:10:10.192 [info] Getting sessions for read:user,user:email...
2026-08-16 18:10:10.192 [info] Got 0 sessions for read:user,user:email...
2026-08-16 18:10:10.192 [info] Getting sessions for read:user,user:email...
2026-08-16 18:10:10.192 [info] Got 0 sessions for read:user,user:email...
2026-08-16 18:10:10.192 [info] Getting sessions for read:user,user:email...
2026-08-16 18:10:10.192 [info] Got 0 sessions for read:user,user:email...
2026-08-16 18:10:10.192 [info] Getting sessions for read:user,user:email...
2026-08-16 18:10:10.192 [info] Got 0 sessions for read:user,user:email...
2026-08-16 18:10:10.192 [info] Getting sessions for read:user,user:email...
2026-08-16 18:10:10.192 [info] Got 0 sessions for read:user,user:email...
2026-08-16 18:10:10.192 [info] Getting sessions for read:user,user:email...
2026-08-16 18:10:10.192 [info] Got 0 sessions for read:user,user:email...
2026-08-16 18:10:10.199 [info] Getting sessions for all scopes...
2026-08-16 18:10:10.199 [info] Got 0 sessions for ...
2026-08-16 18:10:10.199 [info] Getting sessions for all scopes...
2026-08-16 18:10:10.199 [info] Got 0 sessions for ...
2026-08-16 18:10:10.199 [info] Getting sessions for all scopes...
2026-08-16 18:10:10.199 [info] Got 0 sessions for ...
2026-08-16 18:10:10.199 [info] Getting sessions for all scopes...
2026-08-16 18:10:10.199 [info] Got 0 sessions for ...
2026-08-16 18:10:10.200 [info] Getting sessions for all scopes...
2026-08-16 18:10:10.200 [info] Got 0 sessions for ...
2026-08-16 18:10:10.200 [info] Getting sessions for all scopes...
2026-08-16 18:10:10.200 [info] Got 0 sessions for ...
2026-08-16 18:10:10.200 [info] Getting sessions for all scopes...
2026-08-16 18:10:10.200 [info] Got 0 sessions for ...
2026-08-16 18:10:10.295 [info] Getting sessions for repo...
2026-08-16 18:10:10.296 [info] Got 0 sessions for repo...
2026-08-16 18:10:10.296 [info] Getting sessions for repo...
2026-08-16 18:10:10.296 [info] Got 0 sessions for repo...
2026-08-16 18:10:10.296 [info] Getting sessions for repo...
2026-08-16 18:10:10.296 [info] Got 0 sessions for repo...
2026-08-16 18:10:10.297 [info] Getting sessions for repo...
2026-08-16 18:10:10.297 [info] Got 0 sessions for repo...
2026-08-16 18:10:10.297 [info] Getting sessions for repo...
2026-08-16 18:10:10.297 [info] Got 0 sessions for repo...
2026-08-16 18:10:10.297 [info] Getting sessions for repo...
2026-08-16 18:10:10.297 [info] Got 0 sessions for repo...
2026-08-16 18:10:10.336 [info] Getting sessions for all scopes...
2026-08-16 18:10:10.336 [info] Got 0 sessions for ...
2026-08-16 18:10:10.364 [info] Getting sessions for all scopes...
2026-08-16 18:10:10.364 [info] Got 0 sessions for ...
2026-08-16 18:10:10.364 [info] Getting sessions for all scopes...
2026-08-16 18:10:10.364 [info] Got 0 sessions for ...
2026-08-16 18:10:10.365 [info] Getting sessions for all scopes...
2026-08-16 18:10:10.365 [info] Got 0 sessions for ...
2026-08-16 18:10:10.365 [info] Getting sessions for all scopes...
2026-08-16 18:10:10.365 [info] Got 0 sessions for ...
2026-08-16 18:10:10.365 [info] Getting sessions for all scopes...
2026-08-16 18:10:10.365 [info] Got 0 sessions for ...
2026-08-16 18:10:10.366 [info] Getting sessions for all scopes...
2026-08-16 18:10:10.366 [info] Got 0 sessions for ...
2026-08-16 18:10:10.367 [info] Getting sessions for all scopes...
2026-08-16 18:10:10.367 [info] Got 0 sessions for ...
2026-08-16 18:10:10.370 [info] Getting sessions for read:user,user:email...
2026-08-16 18:10:10.370 [info] Got 0 sessions for read:user,user:email...
2026-08-16 18:10:10.371 [info] Getting sessions for read:user,user:email...
2026-08-16 18:10:10.371 [info] Got 0 sessions for read:user,user:email...
2026-08-16 18:10:10.371 [info] Getting sessions for read:user,user:email...
2026-08-16 18:10:10.371 [info] Got 0 sessions for read:user,user:email...
2026-08-16 18:10:10.372 [info] Getting sessions for read:user,user:email...
2026-08-16 18:10:10.372 [info] Got 0 sessions for read:user,user:email...
2026-08-16 18:10:10.372 [info] Getting sessions for read:user,user:email...
2026-08-16 18:10:10.372 [info] Got 0 sessions for read:user,user:email...
2026-08-16 18:10:10.372 [info] Getting sessions for read:user,user:email...
2026-08-16 18:10:10.372 [info] Got 0 sessions for read:user,user:email...
2026-08-16 18:10:10.373 [info] Getting sessions for all scopes...
2026-08-16 18:10:10.373 [info] Got 0 sessions for ...
2026-08-16 18:10:10.442 [info] Getting sessions for all scopes...
2026-08-16 18:10:10.442 [info] Got 0 sessions for ...
2026-08-16 18:10:10.442 [info] Getting sessions for all scopes...
2026-08-16 18:10:10.442 [info] Got 0 sessions for ...
2026-08-16 18:10:10.443 [info] Getting sessions for all scopes...
2026-08-16 18:10:10.443 [info] Got 0 sessions for ...
2026-08-16 18:10:10.443 [info] Getting sessions for all scopes...
2026-08-16 18:10:10.443 [info] Got 0 sessions for ...
2026-08-16 18:10:10.443 [info] Getting sessions for all scopes...
2026-08-16 18:10:10.443 [info] Got 0 sessions for ...
2026-08-16 18:10:10.443 [info] Getting sessions for all scopes...
2026-08-16 18:10:10.443 [info] Got 0 sessions for ...
2026-08-16 18:10:10.473 [info] Getting sessions for repo...
2026-08-16 18:10:10.473 [info] Got 0 sessions for repo...
2026-08-16 18:10:10.473 [info] Getting sessions for repo...
2026-08-16 18:10:10.473 [info] Got 0 sessions for repo...
2026-08-16 18:10:10.473 [info] Getting sessions for repo...
2026-08-16 18:10:10.473 [info] Got 0 sessions for repo...
2026-08-16 18:10:10.473 [info] Getting sessions for repo...
2026-08-16 18:10:10.473 [info] Got 0 sessions for repo...
2026-08-16 18:10:10.473 [info] Getting sessions for repo...
2026-08-16 18:10:10.473 [info] Got 0 sessions for repo...
2026-08-16 18:10:10.473 [info] Getting sessions for repo...
2026-08-16 18:10:10.473 [info] Got 0 sessions for repo...
2026-08-16 18:10:10.490 [info] Getting sessions for all scopes...
2026-08-16 18:10:10.491 [info] Got 0 sessions for ...
2026-08-16 18:10:10.491 [info] Getting sessions for all scopes...
2026-08-16 18:10:10.491 [info] Got 0 sessions for ...
2026-08-16 18:10:10.491 [info] Getting sessions for all scopes...
2026-08-16 18:10:10.491 [info] Got 0 sessions for ...
2026-08-16 18:10:10.491 [info] Getting sessions for all scopes...
2026-08-16 18:10:10.491 [info] Got 0 sessions for ...
2026-08-16 18:10:10.491 [info] Getting sessions for all scopes...
2026-08-16 18:10:10.491 [info] Got 0 sessions for ...
2026-08-16 18:10:10.491 [info] Getting sessions for all scopes...
2026-08-16 18:10:10.491 [info] Got 0 sessions for ...
2026-08-16 18:10:11.605 [info] Getting sessions for all scopes...
2026-08-16 18:10:11.605 [info] Got 0 sessions for ...
2026-08-16 18:10:11.670 [info] Getting sessions for all scopes...
2026-08-16 18:10:11.670 [info] Got 0 sessions for ...
2026-08-16 18:10:11.673 [info] Getting sessions for all scopes...
2026-08-16 18:10:11.673 [info] Got 0 sessions for ...
2026-08-16 18:11:11.371 [info] Getting sessions for all scopes...
2026-08-16 18:11:11.371 [info] Got 0 sessions for ...
2026-08-16 18:11:11.794 [info] Getting sessions for all scopes...
2026-08-16 18:11:11.794 [info] Got 0 sessions for ...
