2026-07-24 12:37:08.790 [info] Started local extension host with pid 17144.
2026-07-24 12:37:09.159 [error] [vscode.mermaid-markdown-features]: Extension 'vscode.mermaid-markdown-features' CANNOT use 'legacyToolReferenceFullNames' without the 'chatParticipantPrivate' API proposal enabled
2026-07-24 12:37:09.680 [info] [AgentHost:renderer] Acquiring MessagePort to agent host...
2026-07-24 12:37:09.689 [info] [AccountPolicyGate] apply: state=inactive, reason=undefined, isRestricted=false
2026-07-24 12:37:09.739 [info] [AgentHost:renderer] MessagePort acquired, creating client...
2026-07-24 12:37:09.742 [info] [AgentHost:renderer] Direct MessagePort connection established
2026-07-24 12:37:10.077 [info] Settings Sync: Account status changed from uninitialized to unavailable
2026-07-24 12:37:12.470 [error] [Extension Host] (node:17144) [DEP0169] DeprecationWarning: `url.parse()` behavior is not standardized and prone to errors that have security implications. Use the WHATWG URL API instead. CVEs are not issued for `url.parse()` vulnerabilities.
(Use `exe --trace-deprecation ...` to show where the warning was created)
2026-07-24 12:37:13.272 [info] [AgentHost] No token resolved for resource: https://api.github.com
2026-07-24 12:37:13.274 [info] [AgentHost] No token resolved for resource: https://api.github.com/repos
2026-07-24 12:37:13.300 [info] [AgentHost] No token resolved for resource: https://api.github.com
2026-07-24 12:37:13.302 [info] [AgentHost] No token resolved for resource: https://api.github.com/repos
2026-07-24 12:37:13.345 [info] [AgentHost] No token resolved for resource: https://api.github.com
2026-07-24 12:37:13.347 [info] [AgentHost] No token resolved for resource: https://api.github.com
2026-07-24 12:37:13.347 [info] [AgentHost] No token resolved for resource: https://api.github.com
2026-07-24 12:37:13.348 [info] [AgentHost] No token resolved for resource: https://api.github.com
2026-07-24 12:37:13.349 [info] [AgentHost] No token resolved for resource: https://api.github.com
2026-07-24 12:37:13.350 [info] [AgentHost] No token resolved for resource: https://api.github.com
2026-07-24 12:37:13.350 [info] [AgentHost] No token resolved for resource: https://api.github.com
2026-07-24 12:37:13.423 [info] [AgentHost] No token resolved for resource: https://api.github.com/repos
2026-07-24 12:37:13.423 [info] [AgentHost] No token resolved for resource: https://api.github.com/repos
2026-07-24 12:37:13.432 [info] [AgentHost] No token resolved for resource: https://api.github.com/repos
2026-07-24 12:37:13.437 [info] [AgentHost] No token resolved for resource: https://api.github.com/repos
2026-07-24 12:37:13.437 [info] [AgentHost] No token resolved for resource: https://api.github.com/repos
2026-07-24 12:37:13.437 [info] [AgentHost] No token resolved for resource: https://api.github.com/repos
2026-07-24 12:37:13.437 [info] [AgentHost] No token resolved for resource: https://api.github.com/repos
2026-07-24 12:37:13.442 [info] [AgentHost] No token resolved for resource: https://api.github.com
2026-07-24 12:37:13.442 [info] [AgentHost] No token resolved for resource: https://api.github.com
2026-07-24 12:37:13.465 [info] [AgentHost] No token resolved for resource: https://api.github.com
2026-07-24 12:37:13.466 [info] [AgentHost] No token resolved for resource: https://api.github.com
2026-07-24 12:37:13.466 [info] [AgentHost] No token resolved for resource: https://api.github.com
2026-07-24 12:37:13.466 [info] [AgentHost] No token resolved for resource: https://api.github.com
2026-07-24 12:37:13.467 [info] [AgentHost] No token resolved for resource: https://api.github.com
2026-07-24 12:37:13.487 [info] [AgentHost] No token resolved for resource: https://api.github.com/repos
2026-07-24 12:37:13.487 [info] [AgentHost] No token resolved for resource: https://api.github.com/repos
2026-07-24 12:37:13.487 [info] [AgentHost] No token resolved for resource: https://api.github.com/repos
2026-07-24 12:37:13.488 [info] [AgentHost] No token resolved for resource: https://api.github.com/repos
2026-07-24 12:37:13.488 [info] [AgentHost] No token resolved for resource: https://api.github.com/repos
2026-07-24 12:37:13.488 [info] [AgentHost] No token resolved for resource: https://api.github.com/repos
2026-07-24 12:37:13.488 [info] [AgentHost] No token resolved for resource: https://api.github.com/repos
2026-07-24 12:37:14.093 [info] [perf] Render performance baseline is 37ms
2026-07-24 12:37:14.687 [info] [AccountPolicyGate] apply: state=inactive, reason=undefined, isRestricted=false
2026-07-24 12:37:16.292 [error] Tool "renderMermaidDiagram" was not contributed.
