2026-07-24 23:18:08.135 [info] [main] Log level: Info
2026-07-24 23:18:08.136 [info] [main] Validating found git in: "git"
2026-07-24 23:18:08.136 [info] [main] Using git "2.51.0" from "git"
2026-07-24 23:18:08.136 [info] [Model][doInitialScan] Initial repository scan started
2026-07-24 23:18:08.136 [info] > git rev-parse --show-toplevel [15ms]
2026-07-24 23:18:08.157 [info] > git rev-parse --git-dir --git-common-dir --show-superproject-working-tree [22ms]
2026-07-24 23:18:08.193 [info] [Model][openRepository] Opened repository (path): /home/atg/Aadi/Emisaver/code/whatsapp-chatbot
2026-07-24 23:18:08.193 [info] [Model][openRepository] Opened repository (real path): /home/atg/Aadi/Emisaver/code/whatsapp-chatbot
2026-07-24 23:18:08.193 [info] [Model][openRepository] Opened repository (kind): repository
2026-07-24 23:18:08.210 [info] > git config --get commit.template [7ms]
2026-07-24 23:18:08.211 [info] > git config --get --local core.virtualfilesystem [12ms]
2026-07-24 23:18:08.211 [warning] [Git][config] git config failed: Failed to execute git
2026-07-24 23:18:08.211 [info] > git rev-parse --show-toplevel [4ms]
2026-07-24 23:18:08.211 [info] fatal: not a git repository (or any of the parent directories): .git
2026-07-24 23:18:08.222 [info] > git rev-parse --show-toplevel [1ms]
2026-07-24 23:18:08.223 [info] > git for-each-ref --format=%(refname)%00%(upstream:short)%00%(objectname)%00%(upstream:track)%00%(upstream:remotename)%00%(upstream:remoteref) refs/heads/main refs/remotes/main [7ms]
2026-07-24 23:18:08.239 [info] > git rev-parse --git-dir --git-common-dir --show-superproject-working-tree [12ms]
2026-07-24 23:18:08.240 [info] > git for-each-ref --sort -committerdate --format %(refname)%00%(objectname)%00%(*objectname) [2ms]
2026-07-24 23:18:08.241 [info] > git status -z -uall [9ms]
2026-07-24 23:18:08.266 [info] > git config --get commit.template [2ms]
2026-07-24 23:18:08.266 [info] > git for-each-ref --format=%(refname)%00%(upstream:short)%00%(objectname)%00%(upstream:track)%00%(upstream:remotename)%00%(upstream:remoteref) refs/heads/main refs/remotes/main [8ms]
2026-07-24 23:18:08.276 [info] > git config --get --local branch.main.vscode-merge-base [6ms]
2026-07-24 23:18:08.281 [info] > git for-each-ref --format=%(refname)%00%(upstream:short)%00%(objectname)%00%(upstream:track)%00%(upstream:remotename)%00%(upstream:remoteref) refs/heads/main refs/remotes/main [5ms]
2026-07-24 23:18:08.292 [info] > git status -z -uall [7ms]
2026-07-24 23:18:08.292 [info] > git for-each-ref --format=%(refname)%00%(upstream:short)%00%(objectname)%00%(upstream:track)%00%(upstream:remotename)%00%(upstream:remoteref) refs/heads/origin/main refs/remotes/origin/main [12ms]
2026-07-24 23:18:08.301 [info] [Model][openRepository] Opened repository (path): /home/atg/Aadi/Emisaver/code/transcripts
2026-07-24 23:18:08.301 [info] [Model][openRepository] Opened repository (real path): /home/atg/Aadi/Emisaver/code/transcripts
2026-07-24 23:18:08.301 [info] [Model][openRepository] Opened repository (kind): repository
2026-07-24 23:18:08.317 [info] > git for-each-ref --sort -committerdate --format %(refname)%00%(objectname)%00%(*objectname) [28ms]
2026-07-24 23:18:08.325 [info] > git config --get commit.template [14ms]
2026-07-24 23:18:08.325 [info] > git config --get --local core.virtualfilesystem [19ms]
2026-07-24 23:18:08.325 [warning] [Git][config] git config failed: Failed to execute git
2026-07-24 23:18:08.326 [info] > git merge-base refs/heads/main refs/remotes/origin/main [29ms]
2026-07-24 23:18:08.332 [info] > git diff --raw --numstat --diff-filter=ADMR -z --find-renames=50% b570fcf941e1a0bbeaf94c0a7bf6f5544321c1ae...refs/remotes/origin/main -- [3ms]
2026-07-24 23:18:08.332 [info] > git merge-base refs/heads/main refs/remotes/origin/main [9ms]
2026-07-24 23:18:08.337 [info] > git rev-parse --show-toplevel [21ms]
2026-07-24 23:18:08.342 [info] [Git][getRemotes] No remotes found in the git config file
2026-07-24 23:18:08.352 [info] > git for-each-ref --format=%(refname)%00%(upstream:short)%00%(objectname)%00%(upstream:track)%00%(upstream:remotename)%00%(upstream:remoteref) refs/heads/master refs/remotes/master [11ms]
2026-07-24 23:18:08.352 [warning] [Git][getBranch] No such branch: master
2026-07-24 23:18:08.362 [info] > git diff --raw --numstat --diff-filter=ADMR -z --find-renames=50% b570fcf941e1a0bbeaf94c0a7bf6f5544321c1ae...refs/remotes/origin/main -- [26ms]
2026-07-24 23:18:08.364 [info] > git status -z -uall [7ms]
2026-07-24 23:18:08.364 [info] > git for-each-ref --sort -committerdate --format %(refname)%00%(objectname)%00%(*objectname) [2ms]
2026-07-24 23:18:08.365 [info] > git rev-parse --show-toplevel [18ms]
2026-07-24 23:18:08.392 [info] > git for-each-ref --format=%(refname)%00%(upstream:short)%00%(objectname)%00%(upstream:track)%00%(upstream:remotename)%00%(upstream:remoteref) refs/heads/master refs/remotes/master [6ms]
2026-07-24 23:18:08.393 [warning] [Git][getBranch] No such branch: master
2026-07-24 23:18:08.393 [error] [GitHistoryProvider][resolveHEADMergeBase] Failed to resolve merge base for master: Error: No such branch: master.
2026-07-24 23:18:08.394 [info] > git config --get commit.template [2ms]
2026-07-24 23:18:08.394 [info] > git rev-parse --show-toplevel [23ms]
2026-07-24 23:18:08.397 [info] [Git][getRemotes] No remotes found in the git config file
2026-07-24 23:18:08.419 [info] > git for-each-ref --format=%(refname)%00%(upstream:short)%00%(objectname)%00%(upstream:track)%00%(upstream:remotename)%00%(upstream:remoteref) refs/heads/master refs/remotes/master [18ms]
2026-07-24 23:18:08.419 [warning] [Git][getBranch] No such branch: master
2026-07-24 23:18:08.432 [info] > git status -z -uall [8ms]
2026-07-24 23:18:08.432 [info] > git for-each-ref --sort -committerdate --format %(refname)%00%(objectname)%00%(*objectname) [4ms]
2026-07-24 23:18:08.432 [info] > git rev-parse --show-toplevel [35ms]
2026-07-24 23:18:08.445 [info] > git rev-parse --show-toplevel [8ms]
2026-07-24 23:18:08.451 [info] > git rev-parse --show-toplevel [1ms]
2026-07-24 23:18:08.457 [info] > git rev-parse --show-toplevel [1ms]
2026-07-24 23:18:08.465 [info] > git rev-parse --show-toplevel [2ms]
2026-07-24 23:18:08.467 [info] [Model][doInitialScan] Initial repository scan completed - repositories (2), closed repositories (0), parent repositories (0), unsafe repositories (0)
2026-07-24 23:18:08.528 [info] > git rev-parse --show-toplevel [9ms]
2026-07-24 23:18:08.528 [info] fatal: not a git repository (or any of the parent directories): .git
2026-07-24 23:18:08.535 [info] > git rev-parse --show-toplevel [1ms]
2026-07-24 23:18:08.535 [info] fatal: not a git repository (or any of the parent directories): .git
2026-07-24 23:18:08.638 [info] > git rev-parse --show-toplevel [1ms]
2026-07-24 23:18:08.638 [info] fatal: not a git repository (or any of the parent directories): .git
2026-07-24 23:18:08.784 [info] > git rev-parse --show-toplevel [1ms]
2026-07-24 23:18:08.784 [info] fatal: not a git repository (or any of the parent directories): .git
2026-07-24 23:18:08.859 [info] > git check-ignore -v -z --stdin [4ms]
2026-07-24 23:18:08.860 [info] > git check-ignore -v -z --stdin [1ms]
2026-07-24 23:18:09.574 [info] > git rev-parse --show-toplevel [2ms]
2026-07-24 23:18:09.574 [info] fatal: not a git repository (or any of the parent directories): .git
2026-07-24 23:18:09.638 [info] > git rev-parse --show-toplevel [3ms]
2026-07-24 23:18:09.638 [info] fatal: not a git repository (or any of the parent directories): .git
2026-07-24 23:18:28.982 [info] > git rev-parse --show-toplevel [13ms]
2026-07-24 23:18:28.982 [info] fatal: not a git repository (or any of the parent directories): .git
2026-07-24 23:18:29.102 [info] > git rev-parse --show-toplevel [1ms]
2026-07-24 23:18:29.102 [info] fatal: not a git repository (or any of the parent directories): .git
