2026-07-31 00:17:30.417 [info] [main] Log level: Info
2026-07-31 00:17:30.417 [info] [main] Validating found git in: "git"
2026-07-31 00:17:30.417 [info] [main] Using git "2.51.0" from "git"
2026-07-31 00:17:30.417 [info] [Model][doInitialScan] Initial repository scan started
2026-07-31 00:17:30.417 [info] > git rev-parse --show-toplevel [5ms]
2026-07-31 00:17:30.417 [info] > git rev-parse --git-dir --git-common-dir --show-superproject-working-tree [8ms]
2026-07-31 00:17:30.469 [info] [Model][openRepository] Opened repository (path): /home/atg/Aadi/Emisaver/code/whatsapp-chatbot
2026-07-31 00:17:30.469 [info] [Model][openRepository] Opened repository (real path): /home/atg/Aadi/Emisaver/code/whatsapp-chatbot
2026-07-31 00:17:30.469 [info] [Model][openRepository] Opened repository (kind): repository
2026-07-31 00:17:30.502 [info] > git config --get --local core.virtualfilesystem [26ms]
2026-07-31 00:17:30.502 [warning] [Git][config] git config failed: Failed to execute git
2026-07-31 00:17:30.513 [info] > git config --get commit.template [17ms]
2026-07-31 00:17:30.528 [info] > git rev-parse --show-toplevel [28ms]
2026-07-31 00:17:30.528 [info] fatal: not a git repository (or any of the parent directories): .git
2026-07-31 00:17:30.542 [info] > git for-each-ref --format=%(refname)%00%(upstream:short)%00%(objectname)%00%(upstream:track)%00%(upstream:remotename)%00%(upstream:remoteref) refs/heads/main refs/remotes/main [8ms]
2026-07-31 00:17:30.543 [info] > git rev-parse --show-toplevel [4ms]
2026-07-31 00:17:30.561 [info] > git status -z -uall [6ms]
2026-07-31 00:17:30.563 [info] > git rev-parse --show-toplevel [15ms]
2026-07-31 00:17:30.569 [info] > git for-each-ref --sort -committerdate --format %(refname)%00%(objectname)%00%(*objectname) [9ms]
2026-07-31 00:17:30.590 [info] > git config --get commit.template [3ms]
2026-07-31 00:17:30.590 [info] > git for-each-ref --format=%(refname)%00%(upstream:short)%00%(objectname)%00%(upstream:track)%00%(upstream:remotename)%00%(upstream:remoteref) refs/heads/main refs/remotes/main [10ms]
2026-07-31 00:17:30.594 [info] > git rev-parse --show-toplevel [26ms]
2026-07-31 00:17:30.607 [info] > git rev-parse --show-toplevel [9ms]
2026-07-31 00:17:30.607 [info] > git config --get --local branch.main.vscode-merge-base [13ms]
2026-07-31 00:17:30.617 [info] > git for-each-ref --format=%(refname)%00%(upstream:short)%00%(objectname)%00%(upstream:track)%00%(upstream:remotename)%00%(upstream:remoteref) refs/heads/main refs/remotes/main [11ms]
2026-07-31 00:17:30.618 [info] > git for-each-ref --format=%(refname)%00%(upstream:short)%00%(objectname)%00%(upstream:track)%00%(upstream:remotename)%00%(upstream:remoteref) refs/heads/origin/main refs/remotes/origin/main [7ms]
2026-07-31 00:17:30.624 [info] > git rev-parse --show-toplevel [9ms]
2026-07-31 00:17:30.638 [info] > git status -z -uall [5ms]
2026-07-31 00:17:30.638 [info] > git merge-base refs/heads/main refs/remotes/origin/main [15ms]
2026-07-31 00:17:30.644 [info] > git for-each-ref --sort -committerdate --format %(refname)%00%(objectname)%00%(*objectname) [7ms]
2026-07-31 00:17:30.651 [info] > git rev-parse --show-toplevel [23ms]
2026-07-31 00:17:30.657 [info] > git diff --raw --numstat --diff-filter=ADMR -z --find-renames=50% 832f2aea8477db46e15b35bba53658c7d28c9eb5...refs/remotes/origin/main -- [14ms]
2026-07-31 00:17:30.661 [info] > git merge-base refs/heads/main refs/remotes/origin/main [12ms]
2026-07-31 00:17:30.669 [info] > git diff --raw --numstat --diff-filter=ADMR -z --find-renames=50% 832f2aea8477db46e15b35bba53658c7d28c9eb5...refs/remotes/origin/main -- [3ms]
2026-07-31 00:17:30.669 [info] > git rev-parse --show-toplevel [13ms]
2026-07-31 00:17:30.675 [info] > git rev-parse --show-toplevel [1ms]
2026-07-31 00:17:30.679 [info] [Model][doInitialScan] Initial repository scan completed - repositories (1), closed repositories (0), parent repositories (0), unsafe repositories (0)
2026-07-31 00:17:30.685 [info] > git rev-parse --show-toplevel [2ms]
2026-07-31 00:17:30.685 [info] fatal: not a git repository (or any of the parent directories): .git
2026-07-31 00:17:30.690 [info] > git rev-parse --show-toplevel [1ms]
2026-07-31 00:17:30.690 [info] fatal: not a git repository (or any of the parent directories): .git
2026-07-31 00:17:30.696 [info] > git rev-parse --show-toplevel [1ms]
2026-07-31 00:17:30.696 [info] fatal: not a git repository (or any of the parent directories): .git
2026-07-31 00:17:35.558 [info] > git rev-parse --show-toplevel [7ms]
2026-07-31 00:17:35.558 [info] fatal: not a git repository (or any of the parent directories): .git
2026-07-31 00:17:35.564 [info] > git rev-parse --show-toplevel [1ms]
2026-07-31 00:17:35.564 [info] fatal: not a git repository (or any of the parent directories): .git
2026-07-31 00:17:35.813 [info] > git rev-parse --show-toplevel [1ms]
2026-07-31 00:17:35.813 [info] fatal: not a git repository (or any of the parent directories): .git
2026-07-31 00:17:35.839 [info] > git rev-parse --show-toplevel [1ms]
2026-07-31 00:17:35.839 [info] fatal: not a git repository (or any of the parent directories): .git
2026-07-31 00:17:35.878 [info] > git rev-parse --show-toplevel [1ms]
2026-07-31 00:17:35.878 [info] fatal: not a git repository (or any of the parent directories): .git
2026-07-31 00:17:41.810 [info] > git rev-parse --show-toplevel [2ms]
2026-07-31 00:17:41.810 [info] fatal: not a git repository (or any of the parent directories): .git
