2026-07-24 17:43:12.591 [info] Reading sessions from keychain...
2026-07-24 17:43:12.591 [info] Getting sessions for all scopes...
2026-07-24 17:43:12.591 [info] Got 0 sessions for ...
2026-07-24 17:43:12.591 [info] Getting sessions for all scopes...
2026-07-24 17:43:12.591 [info] Got 0 sessions for ...
2026-07-24 17:43:12.591 [info] Getting sessions for all scopes...
2026-07-24 17:43:12.591 [info] Got 0 sessions for ...
2026-07-24 17:43:12.591 [info] Getting sessions for all scopes...
2026-07-24 17:43:12.591 [info] Got 0 sessions for ...
2026-07-24 17:43:12.591 [info] Getting sessions for all scopes...
2026-07-24 17:43:12.591 [info] Got 0 sessions for ...
2026-07-24 17:43:12.679 [info] Getting sessions for all scopes...
2026-07-24 17:43:12.679 [info] Got 0 sessions for ...
2026-07-24 17:43:12.891 [info] Getting sessions for all scopes...
2026-07-24 17:43:12.891 [info] Got 0 sessions for ...
2026-07-24 17:43:12.904 [info] Getting sessions for user:email...
2026-07-24 17:43:12.904 [info] Got 0 sessions for user:email...
2026-07-24 17:43:13.266 [info] Getting sessions for all scopes...
2026-07-24 17:43:13.266 [info] Got 0 sessions for ...
2026-07-24 17:43:13.277 [info] Getting sessions for read:user,repo,user:email,workflow...
2026-07-24 17:43:13.277 [info] Got 0 sessions for read:user,repo,user:email,workflow...
2026-07-24 17:43:13.402 [info] Getting sessions for read:user,user:email...
2026-07-24 17:43:13.402 [info] Got 0 sessions for read:user,user:email...
2026-07-24 17:43:13.413 [info] Getting sessions for all scopes...
2026-07-24 17:43:13.413 [info] Got 0 sessions for ...
2026-07-24 17:43:13.422 [info] Getting sessions for repo...
2026-07-24 17:43:13.422 [info] Got 0 sessions for repo...
2026-07-24 17:43:13.422 [info] Getting sessions for all scopes...
2026-07-24 17:43:13.422 [info] Got 0 sessions for ...
2026-07-24 17:43:13.423 [info] Getting sessions for read:user,user:email...
2026-07-24 17:43:13.423 [info] Got 0 sessions for read:user,user:email...
2026-07-24 17:43:13.424 [info] Getting sessions for all scopes...
2026-07-24 17:43:13.424 [info] Got 0 sessions for ...
2026-07-24 17:43:13.424 [info] Getting sessions for repo...
2026-07-24 17:43:13.424 [info] Got 0 sessions for repo...
2026-07-24 17:43:13.425 [info] Getting sessions for all scopes...
2026-07-24 17:43:13.425 [info] Got 0 sessions for ...
2026-07-24 17:43:13.443 [info] Getting sessions for all scopes...
2026-07-24 17:43:13.443 [info] Got 0 sessions for ...
2026-07-24 17:43:13.467 [info] Getting sessions for all scopes...
2026-07-24 17:43:13.467 [info] Got 0 sessions for ...
2026-07-24 17:43:13.570 [info] Getting sessions for all scopes...
2026-07-24 17:43:13.570 [info] Got 0 sessions for ...
2026-07-24 17:43:13.846 [info] Getting sessions for all scopes...
2026-07-24 17:43:13.846 [info] Got 0 sessions for ...
2026-07-24 17:43:13.852 [info] Getting sessions for all scopes...
2026-07-24 17:43:13.852 [info] Got 0 sessions for ...
2026-07-24 17:43:14.054 [info] Getting sessions for all scopes...
2026-07-24 17:43:14.054 [info] Got 0 sessions for ...
2026-07-24 17:46:23.481 [info] Getting sessions for all scopes...
2026-07-24 17:46:23.481 [info] Got 0 sessions for ...
2026-07-24 17:46:36.229 [info] Getting sessions for all scopes...
2026-07-24 17:46:36.229 [info] Got 0 sessions for ...
2026-07-24 17:48:02.025 [info] Getting sessions for all scopes...
2026-07-24 17:48:02.025 [info] Got 0 sessions for ...
