2026-07-29 23:05:25.852 [info] [main] Log level: Info
2026-07-29 23:05:25.852 [info] [main] Validating found git in: "git"
2026-07-29 23:05:26.003 [info] [main] Using git "2.51.0" from "git"
2026-07-29 23:05:26.003 [info] [Model][doInitialScan] Initial repository scan started
2026-07-29 23:05:26.075 [info] > git rev-parse --show-toplevel [58ms]
2026-07-29 23:05:26.220 [info] > git rev-parse --git-dir --git-common-dir --show-superproject-working-tree [134ms]
2026-07-29 23:05:26.240 [info] [Model][openRepository] Opened repository (path): /home/atg/Aadi/Emisaver/code/whatsapp-chatbot
2026-07-29 23:05:26.240 [info] [Model][openRepository] Opened repository (real path): /home/atg/Aadi/Emisaver/code/whatsapp-chatbot
2026-07-29 23:05:26.240 [info] [Model][openRepository] Opened repository (kind): repository
2026-07-29 23:05:26.261 [info] > git config --get commit.template [7ms]
2026-07-29 23:05:26.261 [info] > git config --get --local core.virtualfilesystem [13ms]
2026-07-29 23:05:26.261 [warning] [Git][config] git config failed: Failed to execute git
2026-07-29 23:05:26.268 [info] > git rev-parse --show-toplevel [10ms]
2026-07-29 23:05:26.268 [info] fatal: not a git repository (or any of the parent directories): .git
2026-07-29 23:05:26.274 [info] > git rev-parse --show-toplevel [1ms]
2026-07-29 23:05:26.280 [info] > git rev-parse --show-toplevel [1ms]
2026-07-29 23:05:26.285 [info] > git rev-parse --show-toplevel [2ms]
2026-07-29 23:05:26.290 [info] > git rev-parse --show-toplevel [1ms]
2026-07-29 23:05:26.297 [info] > git rev-parse --show-toplevel [3ms]
2026-07-29 23:05:26.302 [info] > git rev-parse --show-toplevel [1ms]
2026-07-29 23:05:26.308 [info] > git for-each-ref --format=%(refname)%00%(upstream:short)%00%(objectname)%00%(upstream:track)%00%(upstream:remotename)%00%(upstream:remoteref) refs/heads/main refs/remotes/main [42ms]
2026-07-29 23:05:26.309 [info] > git rev-parse --show-toplevel [2ms]
2026-07-29 23:05:26.327 [info] > git rev-parse --show-toplevel [13ms]
2026-07-29 23:05:26.330 [info] [Model][doInitialScan] Initial repository scan completed - repositories (1), closed repositories (0), parent repositories (0), unsafe repositories (0)
2026-07-29 23:05:26.338 [info] > git for-each-ref --sort -committerdate --format %(refname)%00%(objectname)%00%(*objectname) [12ms]
2026-07-29 23:05:26.353 [info] > git status -z -uall [33ms]
2026-07-29 23:05:26.376 [info] > git for-each-ref --format=%(refname)%00%(upstream:short)%00%(objectname)%00%(upstream:track)%00%(upstream:remotename)%00%(upstream:remoteref) refs/heads/main refs/remotes/main [7ms]
2026-07-29 23:05:26.381 [info] > git config --get commit.template [6ms]
2026-07-29 23:05:26.385 [info] > git config --get --local branch.main.vscode-merge-base [5ms]
2026-07-29 23:05:26.390 [info] > git for-each-ref --format=%(refname)%00%(upstream:short)%00%(objectname)%00%(upstream:track)%00%(upstream:remotename)%00%(upstream:remoteref) refs/heads/main refs/remotes/main [6ms]
2026-07-29 23:05:26.391 [info] > git for-each-ref --format=%(refname)%00%(upstream:short)%00%(objectname)%00%(upstream:track)%00%(upstream:remotename)%00%(upstream:remoteref) refs/heads/origin/main refs/remotes/origin/main [1ms]
2026-07-29 23:05:26.406 [info] > git status -z -uall [6ms]
2026-07-29 23:05:26.408 [info] > git merge-base refs/heads/main refs/remotes/origin/main [12ms]
2026-07-29 23:05:26.414 [info] > git for-each-ref --sort -committerdate --format %(refname)%00%(objectname)%00%(*objectname) [8ms]
2026-07-29 23:05:26.423 [info] > git diff --raw --numstat --diff-filter=ADMR -z --find-renames=50% 832f2aea8477db46e15b35bba53658c7d28c9eb5...refs/remotes/origin/main -- [10ms]
2026-07-29 23:05:26.427 [info] > git merge-base refs/heads/main refs/remotes/origin/main [6ms]
2026-07-29 23:05:26.433 [info] > git diff --raw --numstat --diff-filter=ADMR -z --find-renames=50% 832f2aea8477db46e15b35bba53658c7d28c9eb5...refs/remotes/origin/main -- [3ms]
2026-07-29 23:05:26.802 [info] > git check-ignore -v -z --stdin [2ms]
2026-07-29 23:05:59.922 [info] > git rev-parse --show-toplevel [2ms]
2026-07-29 23:05:59.922 [info] fatal: not a git repository (or any of the parent directories): .git
2026-07-29 23:07:05.035 [info] > git rev-parse --show-toplevel [2ms]
2026-07-29 23:07:05.035 [info] fatal: not a git repository (or any of the parent directories): .git
2026-07-29 23:07:07.138 [info] > git rev-parse --show-toplevel [1ms]
2026-07-29 23:07:07.138 [info] fatal: not a git repository (or any of the parent directories): .git
2026-07-29 23:07:17.539 [info] > git rev-parse --show-toplevel [1ms]
2026-07-29 23:07:17.539 [info] fatal: not a git repository (or any of the parent directories): .git
2026-07-29 23:07:45.767 [info] > git rev-parse --show-toplevel [1ms]
2026-07-29 23:07:45.767 [info] fatal: not a git repository (or any of the parent directories): .git
