2026-08-14 22:31:07.030 [info] Extension host with pid 17537 started
2026-08-14 22:31:07.030 [info] Skipping acquiring lock for /home/atg/.config/Code/User/workspaceStorage/f182cb24c3527b1a5d1bc1e5ab2d2c0f.
2026-08-14 22:31:07.067 [info] ExtensionService#_doActivateExtension vscode.github-authentication, startup: false, activationEvent: 'onAuthenticationRequest:github'
2026-08-14 22:31:07.091 [info] ExtensionService#_doActivateExtension vscode.emmet, startup: false, activationEvent: 'onLanguage'
2026-08-14 22:31:07.137 [info] ExtensionService#_doActivateExtension vscode.git-base, startup: true, activationEvent: '*'
2026-08-14 22:31:07.178 [info] ExtensionService#_doActivateExtension vscode.npm, startup: true, activationEvent: 'workspaceContains:package.json'
2026-08-14 22:31:07.272 [info] ExtensionService#_doActivateExtension vscode.github, startup: true, activationEvent: '*'
2026-08-14 22:31:07.311 [info] Eager extensions activated
2026-08-14 22:31:07.320 [info] ExtensionService#_doActivateExtension vscode.debug-auto-launch, startup: false, activationEvent: 'onStartupFinished'
2026-08-14 22:31:07.322 [info] ExtensionService#_doActivateExtension vscode.merge-conflict, startup: false, activationEvent: 'onStartupFinished'
2026-08-14 22:31:12.336 [info] ExtensionService#_doActivateExtension vscode.configuration-editing, startup: false, activationEvent: 'onLanguage:json'
2026-08-14 22:31:12.348 [info] ExtensionService#_doActivateExtension vscode.extension-editing, startup: false, activationEvent: 'onLanguage:json'
2026-08-14 22:31:12.370 [info] ExtensionService#_doActivateExtension vscode.json-language-features, startup: false, activationEvent: 'onLanguage:json'
2026-08-14 22:31:19.805 [info] Extension host terminating: received terminate message from renderer
2026-08-14 22:31:19.824 [info] Extension host with pid 17537 exiting with code 0
2026-08-14 22:31:20.314 [info] Extension host with pid 17855 started
2026-08-14 22:31:20.314 [info] Skipping acquiring lock for /home/atg/.config/Code/User/workspaceStorage/f182cb24c3527b1a5d1bc1e5ab2d2c0f.
2026-08-14 22:31:20.327 [info] ExtensionService#_doActivateExtension vscode.emmet, startup: false, activationEvent: 'onLanguage'
2026-08-14 22:31:20.339 [info] ExtensionService#_doActivateExtension vscode.github-authentication, startup: false, activationEvent: 'onAuthenticationRequest:github'
2026-08-14 22:31:20.351 [info] ExtensionService#_doActivateExtension vscode.configuration-editing, startup: false, activationEvent: 'onLanguage:json'
2026-08-14 22:31:20.356 [info] ExtensionService#_doActivateExtension vscode.extension-editing, startup: false, activationEvent: 'onLanguage:json'
2026-08-14 22:31:20.365 [info] ExtensionService#_doActivateExtension vscode.json-language-features, startup: false, activationEvent: 'onLanguage:json'
2026-08-14 22:31:20.407 [info] ExtensionService#_doActivateExtension vscode.npm, startup: false, activationEvent: 'onLanguage:json'
2026-08-14 22:31:20.610 [info] ExtensionService#_doActivateExtension vscode.git-base, startup: true, activationEvent: '*'
2026-08-14 22:31:20.615 [info] ExtensionService#_doActivateExtension vscode.github, startup: true, activationEvent: '*'
2026-08-14 22:31:20.648 [info] Eager extensions activated
2026-08-14 22:31:20.650 [info] ExtensionService#_doActivateExtension vscode.debug-auto-launch, startup: false, activationEvent: 'onStartupFinished'
2026-08-14 22:31:20.652 [info] ExtensionService#_doActivateExtension vscode.merge-conflict, startup: false, activationEvent: 'onStartupFinished'
2026-08-14 22:31:24.005 [info] Extension host terminating: received terminate message from renderer
2026-08-14 22:31:24.015 [error] Unable to refresh tree view npm: Canceled
2026-08-14 22:31:24.016 [info] Extension host with pid 17855 exiting with code 0
2026-08-14 22:31:24.525 [info] Extension host with pid 17913 started
2026-08-14 22:31:24.525 [info] Skipping acquiring lock for /home/atg/.config/Code/User/workspaceStorage/f182cb24c3527b1a5d1bc1e5ab2d2c0f.
2026-08-14 22:31:24.533 [info] ExtensionService#_doActivateExtension vscode.emmet, startup: false, activationEvent: 'onLanguage'
2026-08-14 22:31:24.543 [info] ExtensionService#_doActivateExtension vscode.github-authentication, startup: false, activationEvent: 'onAuthenticationRequest:github'
2026-08-14 22:31:24.555 [info] ExtensionService#_doActivateExtension vscode.configuration-editing, startup: false, activationEvent: 'onLanguage:json'
2026-08-14 22:31:24.559 [info] ExtensionService#_doActivateExtension vscode.extension-editing, startup: false, activationEvent: 'onLanguage:json'
2026-08-14 22:31:24.567 [info] ExtensionService#_doActivateExtension vscode.json-language-features, startup: false, activationEvent: 'onLanguage:json'
2026-08-14 22:31:24.606 [info] ExtensionService#_doActivateExtension vscode.npm, startup: false, activationEvent: 'onLanguage:json'
2026-08-14 22:31:24.815 [info] ExtensionService#_doActivateExtension vscode.git-base, startup: true, activationEvent: '*', root cause: vscode.git
2026-08-14 22:31:24.823 [info] ExtensionService#_doActivateExtension vscode.git, startup: true, activationEvent: '*'
2026-08-14 22:31:24.875 [info] ExtensionService#_doActivateExtension vscode.github, startup: true, activationEvent: '*'
2026-08-14 22:31:24.959 [info] Eager extensions activated
2026-08-14 22:31:24.965 [info] ExtensionService#_doActivateExtension vscode.debug-auto-launch, startup: false, activationEvent: 'onStartupFinished'
2026-08-14 22:31:24.967 [info] ExtensionService#_doActivateExtension vscode.merge-conflict, startup: false, activationEvent: 'onStartupFinished'
2026-08-14 22:31:34.656 [info] ExtensionService#_doActivateExtension vscode.typescript-language-features, startup: false, activationEvent: 'onLanguage:jsonc'
2026-08-14 22:31:46.450 [info] Extension host terminating: received terminate message from renderer
2026-08-14 22:31:46.473 [info] Extension host with pid 17913 exiting with code 0
