2026-07-24 12:37:09.737 [info] Reading sessions from keychain...
2026-07-24 12:37:09.737 [info] Getting sessions for all scopes...
2026-07-24 12:37:09.737 [info] Got 0 sessions for ...
2026-07-24 12:37:09.737 [info] Getting sessions for all scopes...
2026-07-24 12:37:09.737 [info] Got 0 sessions for ...
2026-07-24 12:37:09.884 [info] Getting sessions for all scopes...
2026-07-24 12:37:09.884 [info] Got 0 sessions for ...
2026-07-24 12:37:09.916 [info] Getting sessions for all scopes...
2026-07-24 12:37:09.916 [info] Got 0 sessions for ...
2026-07-24 12:37:09.950 [info] Getting sessions for user:email...
2026-07-24 12:37:09.950 [info] Got 0 sessions for user:email...
2026-07-24 12:37:10.300 [info] Getting sessions for read:user,repo,user:email,workflow...
2026-07-24 12:37:10.300 [info] Got 0 sessions for read:user,repo,user:email,workflow...
2026-07-24 12:37:10.401 [info] Getting sessions for all scopes...
2026-07-24 12:37:10.401 [info] Got 0 sessions for ...
2026-07-24 12:37:13.258 [info] Getting sessions for read:user,user:email...
2026-07-24 12:37:13.258 [info] Got 0 sessions for read:user,user:email...
2026-07-24 12:37:13.260 [info] Getting sessions for all scopes...
2026-07-24 12:37:13.260 [info] Got 0 sessions for ...
2026-07-24 12:37:13.272 [info] Getting sessions for repo...
2026-07-24 12:37:13.272 [info] Got 0 sessions for repo...
2026-07-24 12:37:13.272 [info] Getting sessions for all scopes...
2026-07-24 12:37:13.272 [info] Got 0 sessions for ...
2026-07-24 12:37:13.273 [info] Getting sessions for all scopes...
2026-07-24 12:37:13.273 [info] Got 0 sessions for ...
2026-07-24 12:37:13.274 [info] Getting sessions for read:user,user:email...
2026-07-24 12:37:13.274 [info] Got 0 sessions for read:user,user:email...
2026-07-24 12:37:13.296 [info] Getting sessions for all scopes...
2026-07-24 12:37:13.296 [info] Got 0 sessions for ...
2026-07-24 12:37:13.300 [info] Getting sessions for repo...
2026-07-24 12:37:13.300 [info] Got 0 sessions for repo...
2026-07-24 12:37:13.301 [info] Getting sessions for all scopes...
2026-07-24 12:37:13.301 [info] Got 0 sessions for ...
2026-07-24 12:37:13.316 [info] Getting sessions for read:user,user:email...
2026-07-24 12:37:13.317 [info] Got 0 sessions for read:user,user:email...
2026-07-24 12:37:13.326 [info] Getting sessions for read:user,user:email...
2026-07-24 12:37:13.326 [info] Got 0 sessions for read:user,user:email...
2026-07-24 12:37:13.326 [info] Getting sessions for read:user,user:email...
2026-07-24 12:37:13.326 [info] Got 0 sessions for read:user,user:email...
2026-07-24 12:37:13.327 [info] Getting sessions for read:user,user:email...
2026-07-24 12:37:13.327 [info] Got 0 sessions for read:user,user:email...
2026-07-24 12:37:13.327 [info] Getting sessions for read:user,user:email...
2026-07-24 12:37:13.327 [info] Got 0 sessions for read:user,user:email...
2026-07-24 12:37:13.328 [info] Getting sessions for read:user,user:email...
2026-07-24 12:37:13.328 [info] Got 0 sessions for read:user,user:email...
2026-07-24 12:37:13.329 [info] Getting sessions for read:user,user:email...
2026-07-24 12:37:13.329 [info] Got 0 sessions for read:user,user:email...
2026-07-24 12:37:13.329 [info] Getting sessions for all scopes...
2026-07-24 12:37:13.329 [info] Got 0 sessions for ...
2026-07-24 12:37:13.329 [info] Getting sessions for all scopes...
2026-07-24 12:37:13.329 [info] Got 0 sessions for ...
2026-07-24 12:37:13.330 [info] Getting sessions for all scopes...
2026-07-24 12:37:13.330 [info] Got 0 sessions for ...
2026-07-24 12:37:13.342 [info] Getting sessions for all scopes...
2026-07-24 12:37:13.343 [info] Got 0 sessions for ...
2026-07-24 12:37:13.343 [info] Getting sessions for all scopes...
2026-07-24 12:37:13.343 [info] Got 0 sessions for ...
2026-07-24 12:37:13.344 [info] Getting sessions for all scopes...
2026-07-24 12:37:13.344 [info] Got 0 sessions for ...
2026-07-24 12:37:13.345 [info] Getting sessions for all scopes...
2026-07-24 12:37:13.345 [info] Got 0 sessions for ...
2026-07-24 12:37:13.345 [info] Getting sessions for repo...
2026-07-24 12:37:13.345 [info] Got 0 sessions for repo...
2026-07-24 12:37:13.345 [info] Getting sessions for repo...
2026-07-24 12:37:13.345 [info] Got 0 sessions for repo...
2026-07-24 12:37:13.346 [info] Getting sessions for repo...
2026-07-24 12:37:13.346 [info] Got 0 sessions for repo...
2026-07-24 12:37:13.347 [info] Getting sessions for repo...
2026-07-24 12:37:13.347 [info] Got 0 sessions for repo...
2026-07-24 12:37:13.347 [info] Getting sessions for repo...
2026-07-24 12:37:13.347 [info] Got 0 sessions for repo...
2026-07-24 12:37:13.347 [info] Getting sessions for repo...
2026-07-24 12:37:13.347 [info] Got 0 sessions for repo...
2026-07-24 12:37:13.347 [info] Getting sessions for repo...
2026-07-24 12:37:13.347 [info] Got 0 sessions for repo...
2026-07-24 12:37:13.348 [info] Getting sessions for all scopes...
2026-07-24 12:37:13.348 [info] Got 0 sessions for ...
2026-07-24 12:37:13.349 [info] Getting sessions for all scopes...
2026-07-24 12:37:13.349 [info] Got 0 sessions for ...
2026-07-24 12:37:13.388 [info] Getting sessions for all scopes...
2026-07-24 12:37:13.388 [info] Got 0 sessions for ...
2026-07-24 12:37:13.422 [info] Getting sessions for all scopes...
2026-07-24 12:37:13.422 [info] Got 0 sessions for ...
2026-07-24 12:37:13.422 [info] Getting sessions for all scopes...
2026-07-24 12:37:13.422 [info] Got 0 sessions for ...
2026-07-24 12:37:13.422 [info] Getting sessions for all scopes...
2026-07-24 12:37:13.422 [info] Got 0 sessions for ...
2026-07-24 12:37:13.423 [info] Getting sessions for all scopes...
2026-07-24 12:37:13.423 [info] Got 0 sessions for ...
2026-07-24 12:37:13.423 [info] Getting sessions for read:user,user:email...
2026-07-24 12:37:13.423 [info] Got 0 sessions for read:user,user:email...
2026-07-24 12:37:13.423 [info] Getting sessions for read:user,user:email...
2026-07-24 12:37:13.423 [info] Got 0 sessions for read:user,user:email...
2026-07-24 12:37:13.432 [info] Getting sessions for read:user,user:email...
2026-07-24 12:37:13.432 [info] Got 0 sessions for read:user,user:email...
2026-07-24 12:37:13.437 [info] Getting sessions for read:user,user:email...
2026-07-24 12:37:13.437 [info] Got 0 sessions for read:user,user:email...
2026-07-24 12:37:13.437 [info] Getting sessions for read:user,user:email...
2026-07-24 12:37:13.437 [info] Got 0 sessions for read:user,user:email...
2026-07-24 12:37:13.437 [info] Getting sessions for read:user,user:email...
2026-07-24 12:37:13.437 [info] Got 0 sessions for read:user,user:email...
2026-07-24 12:37:13.437 [info] Getting sessions for read:user,user:email...
2026-07-24 12:37:13.437 [info] Got 0 sessions for read:user,user:email...
2026-07-24 12:37:13.437 [info] Getting sessions for all scopes...
2026-07-24 12:37:13.437 [info] Got 0 sessions for ...
2026-07-24 12:37:13.437 [info] Getting sessions for all scopes...
2026-07-24 12:37:13.437 [info] Got 0 sessions for ...
2026-07-24 12:37:13.441 [info] Getting sessions for all scopes...
2026-07-24 12:37:13.441 [info] Got 0 sessions for ...
2026-07-24 12:37:13.441 [info] Getting sessions for all scopes...
2026-07-24 12:37:13.441 [info] Got 0 sessions for ...
2026-07-24 12:37:13.441 [info] Getting sessions for all scopes...
2026-07-24 12:37:13.441 [info] Got 0 sessions for ...
2026-07-24 12:37:13.441 [info] Getting sessions for all scopes...
2026-07-24 12:37:13.441 [info] Got 0 sessions for ...
2026-07-24 12:37:13.441 [info] Getting sessions for all scopes...
2026-07-24 12:37:13.441 [info] Got 0 sessions for ...
2026-07-24 12:37:13.442 [info] Getting sessions for repo...
2026-07-24 12:37:13.442 [info] Got 0 sessions for repo...
2026-07-24 12:37:13.442 [info] Getting sessions for repo...
2026-07-24 12:37:13.442 [info] Got 0 sessions for repo...
2026-07-24 12:37:13.465 [info] Getting sessions for repo...
2026-07-24 12:37:13.465 [info] Got 0 sessions for repo...
2026-07-24 12:37:13.465 [info] Getting sessions for repo...
2026-07-24 12:37:13.465 [info] Got 0 sessions for repo...
2026-07-24 12:37:13.466 [info] Getting sessions for repo...
2026-07-24 12:37:13.466 [info] Got 0 sessions for repo...
2026-07-24 12:37:13.466 [info] Getting sessions for repo...
2026-07-24 12:37:13.466 [info] Got 0 sessions for repo...
2026-07-24 12:37:13.466 [info] Getting sessions for repo...
2026-07-24 12:37:13.466 [info] Got 0 sessions for repo...
2026-07-24 12:37:13.482 [info] Getting sessions for all scopes...
2026-07-24 12:37:13.482 [info] Got 0 sessions for ...
2026-07-24 12:37:13.482 [info] Getting sessions for all scopes...
2026-07-24 12:37:13.482 [info] Got 0 sessions for ...
2026-07-24 12:37:13.482 [info] Getting sessions for all scopes...
2026-07-24 12:37:13.482 [info] Got 0 sessions for ...
2026-07-24 12:37:13.482 [info] Getting sessions for all scopes...
2026-07-24 12:37:13.482 [info] Got 0 sessions for ...
2026-07-24 12:37:13.482 [info] Getting sessions for all scopes...
2026-07-24 12:37:13.482 [info] Got 0 sessions for ...
2026-07-24 12:37:13.482 [info] Getting sessions for all scopes...
2026-07-24 12:37:13.482 [info] Got 0 sessions for ...
2026-07-24 12:37:13.482 [info] Getting sessions for all scopes...
2026-07-24 12:37:13.482 [info] Got 0 sessions for ...
2026-07-24 12:37:13.494 [info] Getting sessions for all scopes...
2026-07-24 12:37:13.494 [info] Got 0 sessions for ...
2026-07-24 12:37:13.577 [info] Getting sessions for all scopes...
2026-07-24 12:37:13.577 [info] Got 0 sessions for ...
