2026-08-14 22:31:07.144 [info] Reading sessions from keychain...
2026-08-14 22:31:07.144 [info] Getting sessions for all scopes...
2026-08-14 22:31:07.144 [info] Got 0 sessions for ...
2026-08-14 22:31:07.144 [info] Getting sessions for all scopes...
2026-08-14 22:31:07.144 [info] Got 0 sessions for ...
2026-08-14 22:31:07.144 [info] Getting sessions for all scopes...
2026-08-14 22:31:07.144 [info] Got 0 sessions for ...
2026-08-14 22:31:07.144 [info] Getting sessions for all scopes...
2026-08-14 22:31:07.144 [info] Got 0 sessions for ...
2026-08-14 22:31:07.169 [info] Getting sessions for read:user,user:email...
2026-08-14 22:31:07.170 [info] Got 0 sessions for read:user,user:email...
2026-08-14 22:31:07.177 [info] Getting sessions for all scopes...
2026-08-14 22:31:07.177 [info] Got 0 sessions for ...
2026-08-14 22:31:07.209 [info] Getting sessions for all scopes...
2026-08-14 22:31:07.209 [info] Got 0 sessions for ...
2026-08-14 22:31:07.247 [info] Getting sessions for read:user,user:email...
2026-08-14 22:31:07.247 [info] Got 0 sessions for read:user,user:email...
2026-08-14 22:31:07.248 [info] Getting sessions for read:user,user:email...
2026-08-14 22:31:07.248 [info] Got 0 sessions for read:user,user:email...
2026-08-14 22:31:07.248 [info] Getting sessions for read:user,user:email...
2026-08-14 22:31:07.248 [info] Got 0 sessions for read:user,user:email...
2026-08-14 22:31:07.296 [info] Getting sessions for repo...
2026-08-14 22:31:07.296 [info] Got 0 sessions for repo...
2026-08-14 22:31:07.298 [info] Getting sessions for all scopes...
2026-08-14 22:31:07.298 [info] Got 0 sessions for ...
2026-08-14 22:31:07.298 [info] Getting sessions for all scopes...
2026-08-14 22:31:07.298 [info] Got 0 sessions for ...
2026-08-14 22:31:07.298 [info] Getting sessions for all scopes...
2026-08-14 22:31:07.298 [info] Got 0 sessions for ...
2026-08-14 22:31:07.316 [info] Getting sessions for all scopes...
2026-08-14 22:31:07.316 [info] Got 0 sessions for ...
2026-08-14 22:31:07.316 [info] Getting sessions for repo...
2026-08-14 22:31:07.316 [info] Got 0 sessions for repo...
2026-08-14 22:31:07.316 [info] Getting sessions for repo...
2026-08-14 22:31:07.316 [info] Got 0 sessions for repo...
2026-08-14 22:31:07.317 [info] Getting sessions for repo...
2026-08-14 22:31:07.317 [info] Got 0 sessions for repo...
2026-08-14 22:31:07.337 [info] Getting sessions for read:user,user:email...
2026-08-14 22:31:07.337 [info] Got 0 sessions for read:user,user:email...
2026-08-14 22:31:07.337 [info] Getting sessions for all scopes...
2026-08-14 22:31:07.337 [info] Got 0 sessions for ...
2026-08-14 22:31:07.337 [info] Getting sessions for all scopes...
2026-08-14 22:31:07.337 [info] Got 0 sessions for ...
2026-08-14 22:31:07.338 [info] Getting sessions for all scopes...
2026-08-14 22:31:07.338 [info] Got 0 sessions for ...
2026-08-14 22:31:07.366 [info] Getting sessions for all scopes...
2026-08-14 22:31:07.366 [info] Got 0 sessions for ...
2026-08-14 22:31:07.367 [info] Getting sessions for read:user,user:email...
2026-08-14 22:31:07.367 [info] Got 0 sessions for read:user,user:email...
2026-08-14 22:31:07.367 [info] Getting sessions for read:user,user:email...
2026-08-14 22:31:07.367 [info] Got 0 sessions for read:user,user:email...
2026-08-14 22:31:07.367 [info] Getting sessions for read:user,user:email...
2026-08-14 22:31:07.367 [info] Got 0 sessions for read:user,user:email...
2026-08-14 22:31:07.373 [info] Getting sessions for repo...
2026-08-14 22:31:07.373 [info] Got 0 sessions for repo...
2026-08-14 22:31:07.373 [info] Getting sessions for all scopes...
2026-08-14 22:31:07.373 [info] Got 0 sessions for ...
2026-08-14 22:31:07.374 [info] Getting sessions for all scopes...
2026-08-14 22:31:07.374 [info] Got 0 sessions for ...
2026-08-14 22:31:07.375 [info] Getting sessions for all scopes...
2026-08-14 22:31:07.375 [info] Got 0 sessions for ...
2026-08-14 22:31:07.376 [info] Getting sessions for all scopes...
2026-08-14 22:31:07.376 [info] Got 0 sessions for ...
2026-08-14 22:31:07.376 [info] Getting sessions for repo...
2026-08-14 22:31:07.376 [info] Got 0 sessions for repo...
2026-08-14 22:31:07.377 [info] Getting sessions for repo...
2026-08-14 22:31:07.377 [info] Got 0 sessions for repo...
2026-08-14 22:31:07.378 [info] Getting sessions for repo...
2026-08-14 22:31:07.378 [info] Got 0 sessions for repo...
2026-08-14 22:31:07.379 [info] Getting sessions for all scopes...
2026-08-14 22:31:07.379 [info] Got 0 sessions for ...
2026-08-14 22:31:07.379 [info] Getting sessions for all scopes...
2026-08-14 22:31:07.379 [info] Got 0 sessions for ...
2026-08-14 22:31:07.380 [info] Getting sessions for all scopes...
2026-08-14 22:31:07.380 [info] Got 0 sessions for ...
2026-08-14 22:31:07.384 [info] Getting sessions for all scopes...
2026-08-14 22:31:07.384 [info] Got 0 sessions for ...
2026-08-14 22:31:07.429 [info] Getting sessions for user:email...
2026-08-14 22:31:07.429 [info] Got 0 sessions for user:email...
2026-08-14 22:31:07.679 [info] Getting sessions for all scopes...
2026-08-14 22:31:07.679 [info] Got 0 sessions for ...
2026-08-14 22:31:07.696 [info] Getting sessions for all scopes...
2026-08-14 22:31:07.696 [info] Got 0 sessions for ...
2026-08-14 22:31:08.894 [info] Getting sessions for all scopes...
2026-08-14 22:31:08.894 [info] Got 0 sessions for ...
2026-08-14 22:31:09.005 [info] Getting sessions for all scopes...
2026-08-14 22:31:09.005 [info] Got 0 sessions for ...
2026-08-14 22:31:09.035 [info] Getting sessions for all scopes...
2026-08-14 22:31:09.035 [info] Got 0 sessions for ...
2026-08-14 22:31:15.853 [info] Getting sessions for all scopes...
2026-08-14 22:31:15.853 [info] Got 0 sessions for ...
2026-08-14 22:31:20.474 [info] Reading sessions from keychain...
2026-08-14 22:31:20.474 [info] Getting sessions for all scopes...
2026-08-14 22:31:20.474 [info] Got 0 sessions for ...
2026-08-14 22:31:20.474 [info] Getting sessions for all scopes...
2026-08-14 22:31:20.474 [info] Got 0 sessions for ...
2026-08-14 22:31:20.474 [info] Getting sessions for user:email...
2026-08-14 22:31:20.474 [info] Got 0 sessions for user:email...
2026-08-14 22:31:20.474 [info] Getting sessions for all scopes...
2026-08-14 22:31:20.474 [info] Got 0 sessions for ...
2026-08-14 22:31:20.536 [info] Getting sessions for all scopes...
2026-08-14 22:31:20.536 [info] Got 0 sessions for ...
2026-08-14 22:31:20.537 [info] Getting sessions for all scopes...
2026-08-14 22:31:20.537 [info] Got 0 sessions for ...
2026-08-14 22:31:24.682 [info] Reading sessions from keychain...
2026-08-14 22:31:24.682 [info] Getting sessions for all scopes...
2026-08-14 22:31:24.682 [info] Got 0 sessions for ...
2026-08-14 22:31:24.682 [info] Getting sessions for all scopes...
2026-08-14 22:31:24.682 [info] Got 0 sessions for ...
2026-08-14 22:31:24.682 [info] Getting sessions for user:email...
2026-08-14 22:31:24.682 [info] Got 0 sessions for user:email...
2026-08-14 22:31:24.682 [info] Getting sessions for all scopes...
2026-08-14 22:31:24.682 [info] Got 0 sessions for ...
2026-08-14 22:31:24.730 [info] Getting sessions for all scopes...
2026-08-14 22:31:24.731 [info] Got 0 sessions for ...
2026-08-14 22:31:24.732 [info] Getting sessions for all scopes...
2026-08-14 22:31:24.732 [info] Got 0 sessions for ...
