2026-07-31 00:17:30.331 [info] Reading sessions from keychain...
2026-07-31 00:17:30.331 [info] Getting sessions for all scopes...
2026-07-31 00:17:30.331 [info] Got 0 sessions for ...
2026-07-31 00:17:30.331 [info] Getting sessions for all scopes...
2026-07-31 00:17:30.331 [info] Got 0 sessions for ...
2026-07-31 00:17:30.331 [info] Getting sessions for all scopes...
2026-07-31 00:17:30.331 [info] Got 0 sessions for ...
2026-07-31 00:17:30.331 [info] Getting sessions for all scopes...
2026-07-31 00:17:30.331 [info] Got 0 sessions for ...
2026-07-31 00:17:30.331 [info] Getting sessions for all scopes...
2026-07-31 00:17:30.331 [info] Got 0 sessions for ...
2026-07-31 00:17:30.594 [info] Getting sessions for read:user,repo,user:email,workflow...
2026-07-31 00:17:30.594 [info] Got 0 sessions for read:user,repo,user:email,workflow...
2026-07-31 00:17:30.617 [info] Getting sessions for all scopes...
2026-07-31 00:17:30.617 [info] Got 0 sessions for ...
2026-07-31 00:17:33.187 [info] Getting sessions for user:email...
2026-07-31 00:17:33.187 [info] Got 0 sessions for user:email...
2026-07-31 00:17:35.791 [info] Getting sessions for read:user,user:email...
2026-07-31 00:17:35.791 [info] Got 0 sessions for read:user,user:email...
2026-07-31 00:17:35.813 [info] Getting sessions for all scopes...
2026-07-31 00:17:35.813 [info] Got 0 sessions for ...
2026-07-31 00:17:35.834 [info] Getting sessions for repo...
2026-07-31 00:17:35.834 [info] Got 0 sessions for repo...
2026-07-31 00:17:35.857 [info] Getting sessions for all scopes...
2026-07-31 00:17:35.857 [info] Got 0 sessions for ...
2026-07-31 00:17:35.877 [info] Getting sessions for read:user,user:email...
2026-07-31 00:17:35.877 [info] Got 0 sessions for read:user,user:email...
2026-07-31 00:17:35.879 [info] Getting sessions for all scopes...
2026-07-31 00:17:35.879 [info] Got 0 sessions for ...
2026-07-31 00:17:35.882 [info] Getting sessions for repo...
2026-07-31 00:17:35.882 [info] Got 0 sessions for repo...
2026-07-31 00:17:35.882 [info] Getting sessions for all scopes...
2026-07-31 00:17:35.882 [info] Got 0 sessions for ...
2026-07-31 00:18:49.758 [info] Getting sessions for all scopes...
2026-07-31 00:18:49.758 [info] Got 0 sessions for ...
2026-07-31 00:18:49.776 [info] Getting sessions for all scopes...
2026-07-31 00:18:49.776 [info] Got 0 sessions for ...
