2026-08-17 11:27:49.304 [info] Reading sessions from keychain...
2026-08-17 11:27:49.304 [info] Getting sessions for all scopes...
2026-08-17 11:27:49.304 [info] Got 0 sessions for ...
2026-08-17 11:27:49.304 [info] Getting sessions for all scopes...
2026-08-17 11:27:49.304 [info] Got 0 sessions for ...
2026-08-17 11:27:49.304 [info] Getting sessions for all scopes...
2026-08-17 11:27:49.304 [info] Got 0 sessions for ...
2026-08-17 11:27:49.304 [info] Getting sessions for all scopes...
2026-08-17 11:27:49.304 [info] Got 0 sessions for ...
2026-08-17 11:27:49.304 [info] Getting sessions for all scopes...
2026-08-17 11:27:49.304 [info] Got 0 sessions for ...
2026-08-17 11:27:49.369 [info] Getting sessions for read:user,user:email...
2026-08-17 11:27:49.369 [info] Got 0 sessions for read:user,user:email...
2026-08-17 11:27:49.383 [info] Getting sessions for read:user,user:email...
2026-08-17 11:27:49.383 [info] Got 0 sessions for read:user,user:email...
2026-08-17 11:27:49.383 [info] Getting sessions for read:user,user:email...
2026-08-17 11:27:49.383 [info] Got 0 sessions for read:user,user:email...
2026-08-17 11:27:49.384 [info] Getting sessions for read:user,user:email...
2026-08-17 11:27:49.384 [info] Got 0 sessions for read:user,user:email...
2026-08-17 11:27:49.384 [info] Getting sessions for read:user,user:email...
2026-08-17 11:27:49.384 [info] Got 0 sessions for read:user,user:email...
2026-08-17 11:27:49.384 [info] Getting sessions for read:user,user:email...
2026-08-17 11:27:49.384 [info] Got 0 sessions for read:user,user:email...
2026-08-17 11:27:49.384 [info] Getting sessions for read:user,user:email...
2026-08-17 11:27:49.384 [info] Got 0 sessions for read:user,user:email...
2026-08-17 11:27:49.392 [info] Getting sessions for read:user,user:email...
2026-08-17 11:27:49.392 [info] Got 0 sessions for read:user,user:email...
2026-08-17 11:27:49.392 [info] Getting sessions for read:user,user:email...
2026-08-17 11:27:49.392 [info] Got 0 sessions for read:user,user:email...
2026-08-17 11:27:49.392 [info] Getting sessions for read:user,user:email...
2026-08-17 11:27:49.392 [info] Got 0 sessions for read:user,user:email...
2026-08-17 11:27:49.427 [info] Getting sessions for read:user,user:email...
2026-08-17 11:27:49.427 [info] Got 0 sessions for read:user,user:email...
2026-08-17 11:27:49.427 [info] Getting sessions for all scopes...
2026-08-17 11:27:49.427 [info] Got 0 sessions for ...
2026-08-17 11:27:49.427 [info] Getting sessions for all scopes...
2026-08-17 11:27:49.427 [info] Got 0 sessions for ...
2026-08-17 11:27:49.427 [info] Getting sessions for all scopes...
2026-08-17 11:27:49.427 [info] Got 0 sessions for ...
2026-08-17 11:27:49.427 [info] Getting sessions for all scopes...
2026-08-17 11:27:49.427 [info] Got 0 sessions for ...
2026-08-17 11:27:49.427 [info] Getting sessions for all scopes...
2026-08-17 11:27:49.427 [info] Got 0 sessions for ...
2026-08-17 11:27:49.427 [info] Getting sessions for all scopes...
2026-08-17 11:27:49.427 [info] Got 0 sessions for ...
2026-08-17 11:27:49.427 [info] Getting sessions for all scopes...
2026-08-17 11:27:49.427 [info] Got 0 sessions for ...
2026-08-17 11:27:49.427 [info] Getting sessions for all scopes...
2026-08-17 11:27:49.427 [info] Got 0 sessions for ...
2026-08-17 11:27:49.427 [info] Getting sessions for all scopes...
2026-08-17 11:27:49.427 [info] Got 0 sessions for ...
2026-08-17 11:27:49.427 [info] Getting sessions for all scopes...
2026-08-17 11:27:49.427 [info] Got 0 sessions for ...
2026-08-17 11:27:49.482 [info] Getting sessions for all scopes...
2026-08-17 11:27:49.482 [info] Got 0 sessions for ...
2026-08-17 11:27:49.482 [info] Getting sessions for repo...
2026-08-17 11:27:49.482 [info] Got 0 sessions for repo...
2026-08-17 11:27:49.482 [info] Getting sessions for repo...
2026-08-17 11:27:49.482 [info] Got 0 sessions for repo...
2026-08-17 11:27:49.482 [info] Getting sessions for repo...
2026-08-17 11:27:49.482 [info] Got 0 sessions for repo...
2026-08-17 11:27:49.482 [info] Getting sessions for repo...
2026-08-17 11:27:49.482 [info] Got 0 sessions for repo...
2026-08-17 11:27:49.482 [info] Getting sessions for repo...
2026-08-17 11:27:49.482 [info] Got 0 sessions for repo...
2026-08-17 11:27:49.482 [info] Getting sessions for repo...
2026-08-17 11:27:49.482 [info] Got 0 sessions for repo...
2026-08-17 11:27:49.482 [info] Getting sessions for repo...
2026-08-17 11:27:49.482 [info] Got 0 sessions for repo...
2026-08-17 11:27:49.482 [info] Getting sessions for repo...
2026-08-17 11:27:49.482 [info] Got 0 sessions for repo...
2026-08-17 11:27:49.482 [info] Getting sessions for repo...
2026-08-17 11:27:49.483 [info] Got 0 sessions for repo...
2026-08-17 11:27:49.483 [info] Getting sessions for repo...
2026-08-17 11:27:49.483 [info] Got 0 sessions for repo...
2026-08-17 11:27:49.525 [info] Getting sessions for repo...
2026-08-17 11:27:49.525 [info] Got 0 sessions for repo...
2026-08-17 11:27:49.525 [info] Getting sessions for all scopes...
2026-08-17 11:27:49.525 [info] Got 0 sessions for ...
2026-08-17 11:27:49.526 [info] Getting sessions for all scopes...
2026-08-17 11:27:49.526 [info] Got 0 sessions for ...
2026-08-17 11:27:49.526 [info] Getting sessions for all scopes...
2026-08-17 11:27:49.526 [info] Got 0 sessions for ...
2026-08-17 11:27:49.526 [info] Getting sessions for all scopes...
2026-08-17 11:27:49.526 [info] Got 0 sessions for ...
2026-08-17 11:27:49.526 [info] Getting sessions for all scopes...
2026-08-17 11:27:49.526 [info] Got 0 sessions for ...
2026-08-17 11:27:49.526 [info] Getting sessions for all scopes...
2026-08-17 11:27:49.526 [info] Got 0 sessions for ...
2026-08-17 11:27:49.526 [info] Getting sessions for all scopes...
2026-08-17 11:27:49.526 [info] Got 0 sessions for ...
2026-08-17 11:27:49.526 [info] Getting sessions for all scopes...
2026-08-17 11:27:49.526 [info] Got 0 sessions for ...
2026-08-17 11:27:49.526 [info] Getting sessions for all scopes...
2026-08-17 11:27:49.526 [info] Got 0 sessions for ...
2026-08-17 11:27:49.526 [info] Getting sessions for all scopes...
2026-08-17 11:27:49.526 [info] Got 0 sessions for ...
2026-08-17 11:27:49.536 [info] Getting sessions for all scopes...
2026-08-17 11:27:49.536 [info] Got 0 sessions for ...
2026-08-17 11:27:49.536 [info] Getting sessions for read:user,user:email...
2026-08-17 11:27:49.536 [info] Got 0 sessions for read:user,user:email...
2026-08-17 11:27:49.536 [info] Getting sessions for read:user,user:email...
2026-08-17 11:27:49.536 [info] Got 0 sessions for read:user,user:email...
2026-08-17 11:27:49.536 [info] Getting sessions for read:user,user:email...
2026-08-17 11:27:49.536 [info] Got 0 sessions for read:user,user:email...
2026-08-17 11:27:49.537 [info] Getting sessions for read:user,user:email...
2026-08-17 11:27:49.537 [info] Got 0 sessions for read:user,user:email...
2026-08-17 11:27:49.537 [info] Getting sessions for read:user,user:email...
2026-08-17 11:27:49.537 [info] Got 0 sessions for read:user,user:email...
2026-08-17 11:27:49.537 [info] Getting sessions for read:user,user:email...
2026-08-17 11:27:49.537 [info] Got 0 sessions for read:user,user:email...
2026-08-17 11:27:49.537 [info] Getting sessions for read:user,user:email...
2026-08-17 11:27:49.537 [info] Got 0 sessions for read:user,user:email...
2026-08-17 11:27:49.537 [info] Getting sessions for read:user,user:email...
2026-08-17 11:27:49.537 [info] Got 0 sessions for read:user,user:email...
2026-08-17 11:27:49.537 [info] Getting sessions for read:user,user:email...
2026-08-17 11:27:49.537 [info] Got 0 sessions for read:user,user:email...
2026-08-17 11:27:49.537 [info] Getting sessions for read:user,user:email...
2026-08-17 11:27:49.537 [info] Got 0 sessions for read:user,user:email...
2026-08-17 11:27:49.537 [info] Getting sessions for read:user,user:email...
2026-08-17 11:27:49.537 [info] Got 0 sessions for read:user,user:email...
2026-08-17 11:27:49.537 [info] Getting sessions for all scopes...
2026-08-17 11:27:49.537 [info] Got 0 sessions for ...
2026-08-17 11:27:49.537 [info] Getting sessions for all scopes...
2026-08-17 11:27:49.537 [info] Got 0 sessions for ...
2026-08-17 11:27:49.537 [info] Getting sessions for all scopes...
2026-08-17 11:27:49.537 [info] Got 0 sessions for ...
2026-08-17 11:27:49.538 [info] Getting sessions for all scopes...
2026-08-17 11:27:49.538 [info] Got 0 sessions for ...
2026-08-17 11:27:49.538 [info] Getting sessions for all scopes...
2026-08-17 11:27:49.538 [info] Got 0 sessions for ...
2026-08-17 11:27:49.538 [info] Getting sessions for all scopes...
2026-08-17 11:27:49.538 [info] Got 0 sessions for ...
2026-08-17 11:27:49.538 [info] Getting sessions for all scopes...
2026-08-17 11:27:49.538 [info] Got 0 sessions for ...
2026-08-17 11:27:49.538 [info] Getting sessions for all scopes...
2026-08-17 11:27:49.538 [info] Got 0 sessions for ...
2026-08-17 11:27:49.538 [info] Getting sessions for all scopes...
2026-08-17 11:27:49.538 [info] Got 0 sessions for ...
2026-08-17 11:27:49.538 [info] Getting sessions for all scopes...
2026-08-17 11:27:49.538 [info] Got 0 sessions for ...
2026-08-17 11:27:49.538 [info] Getting sessions for all scopes...
2026-08-17 11:27:49.538 [info] Got 0 sessions for ...
2026-08-17 11:27:49.538 [info] Getting sessions for repo...
2026-08-17 11:27:49.538 [info] Got 0 sessions for repo...
2026-08-17 11:27:49.538 [info] Getting sessions for repo...
2026-08-17 11:27:49.538 [info] Got 0 sessions for repo...
2026-08-17 11:27:49.538 [info] Getting sessions for repo...
2026-08-17 11:27:49.538 [info] Got 0 sessions for repo...
2026-08-17 11:27:49.538 [info] Getting sessions for repo...
2026-08-17 11:27:49.538 [info] Got 0 sessions for repo...
2026-08-17 11:27:49.538 [info] Getting sessions for repo...
2026-08-17 11:27:49.538 [info] Got 0 sessions for repo...
2026-08-17 11:27:49.538 [info] Getting sessions for repo...
2026-08-17 11:27:49.538 [info] Got 0 sessions for repo...
2026-08-17 11:27:49.538 [info] Getting sessions for repo...
2026-08-17 11:27:49.538 [info] Got 0 sessions for repo...
2026-08-17 11:27:49.539 [info] Getting sessions for repo...
2026-08-17 11:27:49.539 [info] Got 0 sessions for repo...
2026-08-17 11:27:49.539 [info] Getting sessions for repo...
2026-08-17 11:27:49.539 [info] Got 0 sessions for repo...
2026-08-17 11:27:49.539 [info] Getting sessions for repo...
2026-08-17 11:27:49.539 [info] Got 0 sessions for repo...
2026-08-17 11:27:49.539 [info] Getting sessions for repo...
2026-08-17 11:27:49.539 [info] Got 0 sessions for repo...
2026-08-17 11:27:49.539 [info] Getting sessions for all scopes...
2026-08-17 11:27:49.539 [info] Got 0 sessions for ...
2026-08-17 11:27:49.539 [info] Getting sessions for all scopes...
2026-08-17 11:27:49.539 [info] Got 0 sessions for ...
2026-08-17 11:27:49.539 [info] Getting sessions for all scopes...
2026-08-17 11:27:49.539 [info] Got 0 sessions for ...
2026-08-17 11:27:49.539 [info] Getting sessions for all scopes...
2026-08-17 11:27:49.539 [info] Got 0 sessions for ...
2026-08-17 11:27:49.539 [info] Getting sessions for all scopes...
2026-08-17 11:27:49.539 [info] Got 0 sessions for ...
2026-08-17 11:27:49.539 [info] Getting sessions for all scopes...
2026-08-17 11:27:49.539 [info] Got 0 sessions for ...
2026-08-17 11:27:49.539 [info] Getting sessions for all scopes...
2026-08-17 11:27:49.539 [info] Got 0 sessions for ...
2026-08-17 11:27:49.539 [info] Getting sessions for all scopes...
2026-08-17 11:27:49.539 [info] Got 0 sessions for ...
2026-08-17 11:27:49.539 [info] Getting sessions for all scopes...
2026-08-17 11:27:49.539 [info] Got 0 sessions for ...
2026-08-17 11:27:49.539 [info] Getting sessions for all scopes...
2026-08-17 11:27:49.539 [info] Got 0 sessions for ...
2026-08-17 11:27:49.539 [info] Getting sessions for all scopes...
2026-08-17 11:27:49.539 [info] Got 0 sessions for ...
2026-08-17 11:27:49.551 [info] Getting sessions for all scopes...
2026-08-17 11:27:49.551 [info] Got 0 sessions for ...
2026-08-17 11:27:49.883 [info] Getting sessions for all scopes...
2026-08-17 11:27:49.883 [info] Got 0 sessions for ...
2026-08-17 11:27:49.988 [info] Getting sessions for all scopes...
2026-08-17 11:27:49.988 [info] Got 0 sessions for ...
2026-08-17 11:27:51.040 [info] Getting sessions for all scopes...
2026-08-17 11:27:51.040 [info] Got 0 sessions for ...
2026-08-17 11:27:51.223 [info] Getting sessions for all scopes...
2026-08-17 11:27:51.223 [info] Got 0 sessions for ...
2026-08-17 11:27:51.308 [info] Getting sessions for all scopes...
2026-08-17 11:27:51.308 [info] Got 0 sessions for ...
2026-08-17 11:28:57.910 [info] Getting sessions for all scopes...
2026-08-17 11:28:57.910 [info] Got 0 sessions for ...
2026-08-17 11:28:59.769 [info] Getting sessions for all scopes...
2026-08-17 11:28:59.769 [info] Got 0 sessions for ...
2026-08-17 11:29:00.209 [info] Getting sessions for all scopes...
2026-08-17 11:29:00.209 [info] Got 0 sessions for ...
2026-08-17 11:29:00.477 [info] Getting sessions for all scopes...
2026-08-17 11:29:00.477 [info] Got 0 sessions for ...
2026-08-17 11:29:11.384 [info] Getting sessions for all scopes...
2026-08-17 11:29:11.384 [info] Got 0 sessions for ...
2026-08-17 11:29:11.858 [info] Getting sessions for all scopes...
2026-08-17 11:29:11.858 [info] Got 0 sessions for ...
2026-08-17 11:29:12.142 [info] Getting sessions for all scopes...
2026-08-17 11:29:12.142 [info] Got 0 sessions for ...
