2026-07-29 14:34:14.633 [info] [main] Log level: Info
2026-07-29 14:34:14.633 [info] [main] Validating found git in: "git"
2026-07-29 14:34:14.633 [info] [main] Using git "2.51.0" from "git"
2026-07-29 14:34:14.633 [info] [Model][doInitialScan] Initial repository scan started
2026-07-29 14:34:14.633 [info] > git rev-parse --show-toplevel [6ms]
2026-07-29 14:34:14.642 [info] > git rev-parse --git-dir --git-common-dir --show-superproject-working-tree [4ms]
2026-07-29 14:34:14.712 [info] [Model][openRepository] Opened repository (path): /home/atg/Aadi/Emisaver/code/whatsapp-chatbot
2026-07-29 14:34:14.712 [info] [Model][openRepository] Opened repository (real path): /home/atg/Aadi/Emisaver/code/whatsapp-chatbot
2026-07-29 14:34:14.712 [info] [Model][openRepository] Opened repository (kind): repository
2026-07-29 14:34:14.746 [info] > git config --get --local core.virtualfilesystem [28ms]
2026-07-29 14:34:14.746 [warning] [Git][config] git config failed: Failed to execute git
2026-07-29 14:34:14.748 [info] > git config --get commit.template [7ms]
2026-07-29 14:34:14.749 [info] > git rev-parse --show-toplevel [4ms]
2026-07-29 14:34:14.749 [info] fatal: not a git repository (or any of the parent directories): .git
2026-07-29 14:34:14.764 [info] > git rev-parse --show-toplevel [2ms]
2026-07-29 14:34:14.770 [info] > git for-each-ref --format=%(refname)%00%(upstream:short)%00%(objectname)%00%(upstream:track)%00%(upstream:remotename)%00%(upstream:remoteref) refs/heads/main refs/remotes/main [13ms]
2026-07-29 14:34:14.783 [info] > git status -z -uall [7ms]
2026-07-29 14:34:14.783 [info] > git rev-parse --git-dir --git-common-dir --show-superproject-working-tree [14ms]
2026-07-29 14:34:14.785 [info] > git for-each-ref --sort -committerdate --format %(refname)%00%(objectname)%00%(*objectname) [3ms]
2026-07-29 14:34:14.814 [info] > git for-each-ref --format=%(refname)%00%(upstream:short)%00%(objectname)%00%(upstream:track)%00%(upstream:remotename)%00%(upstream:remoteref) refs/heads/main refs/remotes/main [9ms]
2026-07-29 14:34:14.819 [info] > git config --get commit.template [6ms]
2026-07-29 14:34:14.824 [info] > git config --get --local branch.main.vscode-merge-base [6ms]
2026-07-29 14:34:14.829 [info] > git for-each-ref --format=%(refname)%00%(upstream:short)%00%(objectname)%00%(upstream:track)%00%(upstream:remotename)%00%(upstream:remoteref) refs/heads/main refs/remotes/main [5ms]
2026-07-29 14:34:14.845 [info] > git status -z -uall [12ms]
2026-07-29 14:34:14.845 [info] > git for-each-ref --format=%(refname)%00%(upstream:short)%00%(objectname)%00%(upstream:track)%00%(upstream:remotename)%00%(upstream:remoteref) refs/heads/origin/main refs/remotes/origin/main [17ms]
2026-07-29 14:34:14.854 [info] > git for-each-ref --sort -committerdate --format %(refname)%00%(objectname)%00%(*objectname) [16ms]
2026-07-29 14:34:14.866 [info] > git merge-base refs/heads/main refs/remotes/origin/main [15ms]
2026-07-29 14:34:14.878 [info] [Model][openRepository] Opened repository (path): /home/atg/Aadi/Emisaver/code/transcripts
2026-07-29 14:34:14.878 [info] [Model][openRepository] Opened repository (real path): /home/atg/Aadi/Emisaver/code/transcripts
2026-07-29 14:34:14.878 [info] [Model][openRepository] Opened repository (kind): repository
2026-07-29 14:34:14.897 [info] > git config --get --local core.virtualfilesystem [13ms]
2026-07-29 14:34:14.897 [warning] [Git][config] git config failed: Failed to execute git
2026-07-29 14:34:14.898 [info] > git diff --raw --numstat --diff-filter=ADMR -z --find-renames=50% 832f2aea8477db46e15b35bba53658c7d28c9eb5...refs/remotes/origin/main -- [25ms]
2026-07-29 14:34:14.899 [info] > git merge-base refs/heads/main refs/remotes/origin/main [37ms]
2026-07-29 14:34:14.910 [info] > git diff --raw --numstat --diff-filter=ADMR -z --find-renames=50% 832f2aea8477db46e15b35bba53658c7d28c9eb5...refs/remotes/origin/main -- [6ms]
2026-07-29 14:34:14.911 [info] > git config --get commit.template [20ms]
2026-07-29 14:34:14.913 [info] > git rev-parse --show-toplevel [17ms]
2026-07-29 14:34:14.914 [info] fatal: not a git repository (or any of the parent directories): .git
2026-07-29 14:34:14.921 [info] [Git][getRemotes] No remotes found in the git config file
2026-07-29 14:34:14.928 [info] > git for-each-ref --format=%(refname)%00%(upstream:short)%00%(objectname)%00%(upstream:track)%00%(upstream:remotename)%00%(upstream:remoteref) refs/heads/master refs/remotes/master [7ms]
2026-07-29 14:34:14.928 [warning] [Git][getBranch] No such branch: master
2026-07-29 14:34:14.941 [info] > git status -z -uall [7ms]
2026-07-29 14:34:14.944 [info] > git for-each-ref --sort -committerdate --format %(refname)%00%(objectname)%00%(*objectname) [4ms]
2026-07-29 14:34:14.961 [info] > git rev-parse --show-toplevel [34ms]
2026-07-29 14:34:14.975 [info] > git for-each-ref --format=%(refname)%00%(upstream:short)%00%(objectname)%00%(upstream:track)%00%(upstream:remotename)%00%(upstream:remoteref) refs/heads/master refs/remotes/master [16ms]
2026-07-29 14:34:14.975 [warning] [Git][getBranch] No such branch: master
2026-07-29 14:34:14.976 [error] [GitHistoryProvider][resolveHEADMergeBase] Failed to resolve merge base for master: Error: No such branch: master.
2026-07-29 14:34:15.008 [info] > git config --get commit.template [40ms]
2026-07-29 14:34:15.015 [info] > git rev-parse --show-toplevel [41ms]
2026-07-29 14:34:15.015 [info] [Git][getRemotes] No remotes found in the git config file
2026-07-29 14:34:15.025 [info] > git for-each-ref --format=%(refname)%00%(upstream:short)%00%(objectname)%00%(upstream:track)%00%(upstream:remotename)%00%(upstream:remoteref) refs/heads/master refs/remotes/master [5ms]
2026-07-29 14:34:15.026 [warning] [Git][getBranch] No such branch: master
2026-07-29 14:34:15.036 [info] > git status -z -uall [6ms]
2026-07-29 14:34:15.036 [info] > git for-each-ref --sort -committerdate --format %(refname)%00%(objectname)%00%(*objectname) [2ms]
2026-07-29 14:34:15.042 [info] > git rev-parse --show-toplevel [18ms]
2026-07-29 14:34:15.047 [info] > git rev-parse --show-toplevel [1ms]
2026-07-29 14:34:15.055 [info] > git rev-parse --show-toplevel [2ms]
2026-07-29 14:34:15.064 [info] > git rev-parse --show-toplevel [3ms]
2026-07-29 14:34:15.074 [info] > git rev-parse --show-toplevel [5ms]
2026-07-29 14:34:15.081 [info] > git rev-parse --show-toplevel [2ms]
2026-07-29 14:34:15.084 [info] [Model][doInitialScan] Initial repository scan completed - repositories (2), closed repositories (0), parent repositories (0), unsafe repositories (0)
2026-07-29 14:34:15.090 [info] > git rev-parse --show-toplevel [2ms]
2026-07-29 14:34:15.090 [info] fatal: not a git repository (or any of the parent directories): .git
2026-07-29 14:34:15.346 [info] > git rev-parse --show-toplevel [2ms]
2026-07-29 14:34:15.346 [info] fatal: not a git repository (or any of the parent directories): .git
2026-07-29 14:34:15.425 [info] > git check-ignore -v -z --stdin [11ms]
2026-07-29 14:34:15.427 [info] > git check-ignore -v -z --stdin [4ms]
2026-07-29 14:34:16.089 [info] > git rev-parse --show-toplevel [3ms]
2026-07-29 14:34:16.089 [info] fatal: not a git repository (or any of the parent directories): .git
2026-07-29 14:34:16.311 [info] > git rev-parse --show-toplevel [4ms]
2026-07-29 14:34:16.311 [info] fatal: not a git repository (or any of the parent directories): .git
