2026-07-31 00:16:51.927 [info] Reading sessions from keychain...
2026-07-31 00:16:51.927 [info] Getting sessions for all scopes...
2026-07-31 00:16:51.927 [info] Got 0 sessions for ...
2026-07-31 00:16:51.927 [info] Getting sessions for all scopes...
2026-07-31 00:16:51.927 [info] Got 0 sessions for ...
2026-07-31 00:16:51.927 [info] Getting sessions for all scopes...
2026-07-31 00:16:51.927 [info] Got 0 sessions for ...
2026-07-31 00:16:52.064 [info] Getting sessions for all scopes...
2026-07-31 00:16:52.064 [info] Got 0 sessions for ...
2026-07-31 00:16:52.102 [info] Getting sessions for all scopes...
2026-07-31 00:16:52.102 [info] Got 0 sessions for ...
2026-07-31 00:16:52.133 [info] Getting sessions for all scopes...
2026-07-31 00:16:52.133 [info] Got 0 sessions for ...
2026-07-31 00:16:52.183 [info] Getting sessions for user:email...
2026-07-31 00:16:52.183 [info] Got 0 sessions for user:email...
2026-07-31 00:16:52.461 [info] Getting sessions for all scopes...
2026-07-31 00:16:52.462 [info] Got 0 sessions for ...
2026-07-31 00:16:52.574 [info] Getting sessions for all scopes...
2026-07-31 00:16:52.574 [info] Got 0 sessions for ...
2026-07-31 00:16:52.678 [info] Getting sessions for all scopes...
2026-07-31 00:16:52.678 [info] Got 0 sessions for ...
2026-07-31 00:16:52.679 [info] Getting sessions for read:user,repo,user:email,workflow...
2026-07-31 00:16:52.679 [info] Got 0 sessions for read:user,repo,user:email,workflow...
2026-07-31 00:16:52.810 [info] Getting sessions for read:user,user:email...
2026-07-31 00:16:52.810 [info] Got 0 sessions for read:user,user:email...
2026-07-31 00:16:52.813 [info] Getting sessions for all scopes...
2026-07-31 00:16:52.813 [info] Got 0 sessions for ...
2026-07-31 00:16:52.813 [info] Getting sessions for repo...
2026-07-31 00:16:52.814 [info] Got 0 sessions for repo...
2026-07-31 00:16:52.819 [info] Getting sessions for read:user,user:email...
2026-07-31 00:16:52.819 [info] Got 0 sessions for read:user,user:email...
2026-07-31 00:16:52.819 [info] Getting sessions for all scopes...
2026-07-31 00:16:52.819 [info] Got 0 sessions for ...
2026-07-31 00:16:52.820 [info] Getting sessions for read:user,user:email...
2026-07-31 00:16:52.820 [info] Got 0 sessions for read:user,user:email...
2026-07-31 00:16:52.820 [info] Getting sessions for read:user,user:email...
2026-07-31 00:16:52.820 [info] Got 0 sessions for read:user,user:email...
2026-07-31 00:16:52.820 [info] Getting sessions for read:user,user:email...
2026-07-31 00:16:52.820 [info] Got 0 sessions for read:user,user:email...
2026-07-31 00:16:52.821 [info] Getting sessions for read:user,user:email...
2026-07-31 00:16:52.821 [info] Got 0 sessions for read:user,user:email...
2026-07-31 00:16:52.821 [info] Getting sessions for read:user,user:email...
2026-07-31 00:16:52.821 [info] Got 0 sessions for read:user,user:email...
2026-07-31 00:16:52.822 [info] Getting sessions for all scopes...
2026-07-31 00:16:52.822 [info] Got 0 sessions for ...
2026-07-31 00:16:52.822 [info] Getting sessions for read:user,user:email...
2026-07-31 00:16:52.822 [info] Got 0 sessions for read:user,user:email...
2026-07-31 00:16:52.822 [info] Getting sessions for all scopes...
2026-07-31 00:16:52.822 [info] Got 0 sessions for ...
2026-07-31 00:16:52.822 [info] Getting sessions for all scopes...
2026-07-31 00:16:52.822 [info] Got 0 sessions for ...
2026-07-31 00:16:52.822 [info] Getting sessions for read:user,user:email...
2026-07-31 00:16:52.822 [info] Got 0 sessions for read:user,user:email...
2026-07-31 00:16:52.823 [info] Getting sessions for all scopes...
2026-07-31 00:16:52.823 [info] Got 0 sessions for ...
2026-07-31 00:16:52.823 [info] Getting sessions for all scopes...
2026-07-31 00:16:52.823 [info] Got 0 sessions for ...
2026-07-31 00:16:52.823 [info] Getting sessions for all scopes...
2026-07-31 00:16:52.823 [info] Got 0 sessions for ...
2026-07-31 00:16:52.823 [info] Getting sessions for repo...
2026-07-31 00:16:52.823 [info] Got 0 sessions for repo...
2026-07-31 00:16:52.824 [info] Getting sessions for read:user,user:email...
2026-07-31 00:16:52.824 [info] Got 0 sessions for read:user,user:email...
2026-07-31 00:16:52.824 [info] Getting sessions for all scopes...
2026-07-31 00:16:52.824 [info] Got 0 sessions for ...
2026-07-31 00:16:52.824 [info] Getting sessions for repo...
2026-07-31 00:16:52.824 [info] Got 0 sessions for repo...
2026-07-31 00:16:52.824 [info] Getting sessions for repo...
2026-07-31 00:16:52.824 [info] Got 0 sessions for repo...
2026-07-31 00:16:52.824 [info] Getting sessions for all scopes...
2026-07-31 00:16:52.824 [info] Got 0 sessions for ...
2026-07-31 00:16:52.824 [info] Getting sessions for repo...
2026-07-31 00:16:52.824 [info] Got 0 sessions for repo...
2026-07-31 00:16:52.824 [info] Getting sessions for repo...
2026-07-31 00:16:52.824 [info] Got 0 sessions for repo...
2026-07-31 00:16:52.824 [info] Getting sessions for repo...
2026-07-31 00:16:52.824 [info] Got 0 sessions for repo...
2026-07-31 00:16:52.825 [info] Getting sessions for read:user,user:email...
2026-07-31 00:16:52.825 [info] Got 0 sessions for read:user,user:email...
2026-07-31 00:16:52.825 [info] Getting sessions for all scopes...
2026-07-31 00:16:52.825 [info] Got 0 sessions for ...
2026-07-31 00:16:52.825 [info] Getting sessions for all scopes...
2026-07-31 00:16:52.825 [info] Got 0 sessions for ...
2026-07-31 00:16:52.825 [info] Getting sessions for repo...
2026-07-31 00:16:52.825 [info] Got 0 sessions for repo...
2026-07-31 00:16:52.825 [info] Getting sessions for all scopes...
2026-07-31 00:16:52.825 [info] Got 0 sessions for ...
2026-07-31 00:16:52.825 [info] Getting sessions for all scopes...
2026-07-31 00:16:52.825 [info] Got 0 sessions for ...
2026-07-31 00:16:52.826 [info] Getting sessions for repo...
2026-07-31 00:16:52.826 [info] Got 0 sessions for repo...
2026-07-31 00:16:52.826 [info] Getting sessions for all scopes...
2026-07-31 00:16:52.826 [info] Got 0 sessions for ...
2026-07-31 00:16:52.826 [info] Getting sessions for all scopes...
2026-07-31 00:16:52.826 [info] Got 0 sessions for ...
2026-07-31 00:16:52.826 [info] Getting sessions for all scopes...
2026-07-31 00:16:52.826 [info] Got 0 sessions for ...
2026-07-31 00:16:52.826 [info] Getting sessions for all scopes...
2026-07-31 00:16:52.826 [info] Got 0 sessions for ...
2026-07-31 00:16:52.826 [info] Getting sessions for read:user,user:email...
2026-07-31 00:16:52.826 [info] Got 0 sessions for read:user,user:email...
2026-07-31 00:16:52.826 [info] Getting sessions for repo...
2026-07-31 00:16:52.826 [info] Got 0 sessions for repo...
2026-07-31 00:16:52.826 [info] Getting sessions for all scopes...
2026-07-31 00:16:52.826 [info] Got 0 sessions for ...
2026-07-31 00:16:52.826 [info] Getting sessions for read:user,user:email...
2026-07-31 00:16:52.826 [info] Got 0 sessions for read:user,user:email...
2026-07-31 00:16:52.826 [info] Getting sessions for read:user,user:email...
2026-07-31 00:16:52.826 [info] Got 0 sessions for read:user,user:email...
2026-07-31 00:16:52.826 [info] Getting sessions for all scopes...
2026-07-31 00:16:52.826 [info] Got 0 sessions for ...
2026-07-31 00:16:52.827 [info] Getting sessions for read:user,user:email...
2026-07-31 00:16:52.827 [info] Got 0 sessions for read:user,user:email...
2026-07-31 00:16:52.827 [info] Getting sessions for read:user,user:email...
2026-07-31 00:16:52.827 [info] Got 0 sessions for read:user,user:email...
2026-07-31 00:16:52.827 [info] Getting sessions for read:user,user:email...
2026-07-31 00:16:52.827 [info] Got 0 sessions for read:user,user:email...
2026-07-31 00:16:52.827 [info] Getting sessions for repo...
2026-07-31 00:16:52.827 [info] Got 0 sessions for repo...
2026-07-31 00:16:52.827 [info] Getting sessions for all scopes...
2026-07-31 00:16:52.827 [info] Got 0 sessions for ...
2026-07-31 00:16:52.827 [info] Getting sessions for all scopes...
2026-07-31 00:16:52.827 [info] Got 0 sessions for ...
2026-07-31 00:16:52.827 [info] Getting sessions for all scopes...
2026-07-31 00:16:52.827 [info] Got 0 sessions for ...
2026-07-31 00:16:52.827 [info] Getting sessions for all scopes...
2026-07-31 00:16:52.827 [info] Got 0 sessions for ...
2026-07-31 00:16:52.827 [info] Getting sessions for read:user,user:email...
2026-07-31 00:16:52.827 [info] Got 0 sessions for read:user,user:email...
2026-07-31 00:16:52.827 [info] Getting sessions for all scopes...
2026-07-31 00:16:52.827 [info] Got 0 sessions for ...
2026-07-31 00:16:52.828 [info] Getting sessions for all scopes...
2026-07-31 00:16:52.828 [info] Got 0 sessions for ...
2026-07-31 00:16:52.828 [info] Getting sessions for all scopes...
2026-07-31 00:16:52.828 [info] Got 0 sessions for ...
2026-07-31 00:16:52.828 [info] Getting sessions for all scopes...
2026-07-31 00:16:52.828 [info] Got 0 sessions for ...
2026-07-31 00:16:52.828 [info] Getting sessions for repo...
2026-07-31 00:16:52.828 [info] Got 0 sessions for repo...
2026-07-31 00:16:52.828 [info] Getting sessions for read:user,user:email...
2026-07-31 00:16:52.828 [info] Got 0 sessions for read:user,user:email...
2026-07-31 00:16:52.828 [info] Getting sessions for repo...
2026-07-31 00:16:52.828 [info] Got 0 sessions for repo...
2026-07-31 00:16:52.828 [info] Getting sessions for repo...
2026-07-31 00:16:52.828 [info] Got 0 sessions for repo...
2026-07-31 00:16:52.828 [info] Getting sessions for all scopes...
2026-07-31 00:16:52.828 [info] Got 0 sessions for ...
2026-07-31 00:16:52.828 [info] Getting sessions for repo...
2026-07-31 00:16:52.828 [info] Got 0 sessions for repo...
2026-07-31 00:16:52.828 [info] Getting sessions for repo...
2026-07-31 00:16:52.828 [info] Got 0 sessions for repo...
2026-07-31 00:16:52.828 [info] Getting sessions for repo...
2026-07-31 00:16:52.828 [info] Got 0 sessions for repo...
2026-07-31 00:16:52.829 [info] Getting sessions for read:user,user:email...
2026-07-31 00:16:52.829 [info] Got 0 sessions for read:user,user:email...
2026-07-31 00:16:52.829 [info] Getting sessions for all scopes...
2026-07-31 00:16:52.829 [info] Got 0 sessions for ...
2026-07-31 00:16:52.829 [info] Getting sessions for all scopes...
2026-07-31 00:16:52.829 [info] Got 0 sessions for ...
2026-07-31 00:16:52.829 [info] Getting sessions for all scopes...
2026-07-31 00:16:52.829 [info] Got 0 sessions for ...
2026-07-31 00:16:52.829 [info] Getting sessions for all scopes...
2026-07-31 00:16:52.829 [info] Got 0 sessions for ...
2026-07-31 00:16:52.829 [info] Getting sessions for repo...
2026-07-31 00:16:52.829 [info] Got 0 sessions for repo...
2026-07-31 00:16:52.829 [info] Getting sessions for all scopes...
2026-07-31 00:16:52.829 [info] Got 0 sessions for ...
2026-07-31 00:16:52.829 [info] Getting sessions for all scopes...
2026-07-31 00:16:52.829 [info] Got 0 sessions for ...
2026-07-31 00:16:52.829 [info] Getting sessions for all scopes...
2026-07-31 00:16:52.829 [info] Got 0 sessions for ...
2026-07-31 00:16:52.829 [info] Getting sessions for all scopes...
2026-07-31 00:16:52.829 [info] Got 0 sessions for ...
2026-07-31 00:16:52.830 [info] Getting sessions for repo...
2026-07-31 00:16:52.830 [info] Got 0 sessions for repo...
2026-07-31 00:16:52.830 [info] Getting sessions for all scopes...
2026-07-31 00:16:52.830 [info] Got 0 sessions for ...
2026-07-31 00:16:52.830 [info] Getting sessions for repo...
2026-07-31 00:16:52.830 [info] Got 0 sessions for repo...
2026-07-31 00:16:52.830 [info] Getting sessions for all scopes...
2026-07-31 00:16:52.830 [info] Got 0 sessions for ...
2026-07-31 00:16:52.831 [info] Getting sessions for all scopes...
2026-07-31 00:16:52.831 [info] Got 0 sessions for ...
2026-07-31 00:16:52.966 [info] Getting sessions for all scopes...
2026-07-31 00:16:52.967 [info] Got 0 sessions for ...
2026-07-31 00:16:53.798 [info] Getting sessions for all scopes...
2026-07-31 00:16:53.798 [info] Got 0 sessions for ...
2026-07-31 00:16:54.072 [info] Getting sessions for all scopes...
2026-07-31 00:16:54.072 [info] Got 0 sessions for ...
2026-07-31 00:16:54.077 [info] Getting sessions for all scopes...
2026-07-31 00:16:54.077 [info] Got 0 sessions for ...
