2026-07-24 17:43:13.168 [info] [main] Log level: Info
2026-07-24 17:43:13.168 [info] [main] Validating found git in: "git"
2026-07-24 17:43:13.168 [info] [main] Using git "2.51.0" from "git"
2026-07-24 17:43:13.168 [info] [Model][doInitialScan] Initial repository scan started
2026-07-24 17:43:13.168 [info] > git rev-parse --show-toplevel [9ms]
2026-07-24 17:43:13.168 [info] > git rev-parse --git-dir --git-common-dir --show-superproject-working-tree [36ms]
2026-07-24 17:43:13.185 [info] [Model][openRepository] Opened repository (path): /home/atg/Aadi/Emisaver/code/whatsapp-chatbot
2026-07-24 17:43:13.185 [info] [Model][openRepository] Opened repository (real path): /home/atg/Aadi/Emisaver/code/whatsapp-chatbot
2026-07-24 17:43:13.185 [info] [Model][openRepository] Opened repository (kind): repository
2026-07-24 17:43:13.206 [info] > git config --get commit.template [11ms]
2026-07-24 17:43:13.206 [info] > git config --get --local core.virtualfilesystem [15ms]
2026-07-24 17:43:13.207 [warning] [Git][config] git config failed: Failed to execute git
2026-07-24 17:43:13.207 [info] > git rev-parse --show-toplevel [8ms]
2026-07-24 17:43:13.207 [info] fatal: not a git repository (or any of the parent directories): .git
2026-07-24 17:43:13.218 [info] > git for-each-ref --format=%(refname)%00%(upstream:short)%00%(objectname)%00%(upstream:track)%00%(upstream:remotename)%00%(upstream:remoteref) refs/heads/main refs/remotes/main [5ms]
2026-07-24 17:43:13.218 [info] > git rev-parse --show-toplevel [2ms]
2026-07-24 17:43:13.231 [info] > git status -z -uall [5ms]
2026-07-24 17:43:13.232 [info] > git rev-parse --show-toplevel [10ms]
2026-07-24 17:43:13.236 [info] > git for-each-ref --sort -committerdate --format %(refname)%00%(objectname)%00%(*objectname) [6ms]
2026-07-24 17:43:13.257 [info] > git for-each-ref --format=%(refname)%00%(upstream:short)%00%(objectname)%00%(upstream:track)%00%(upstream:remotename)%00%(upstream:remoteref) refs/heads/main refs/remotes/main [6ms]
2026-07-24 17:43:13.261 [info] > git rev-parse --show-toplevel [26ms]
2026-07-24 17:43:13.264 [info] > git config --get commit.template [7ms]
2026-07-24 17:43:13.270 [info] > git rev-parse --show-toplevel [6ms]
2026-07-24 17:43:13.270 [info] > git config --get --local branch.main.vscode-merge-base [10ms]
2026-07-24 17:43:13.278 [info] > git for-each-ref --format=%(refname)%00%(upstream:short)%00%(objectname)%00%(upstream:track)%00%(upstream:remotename)%00%(upstream:remoteref) refs/heads/main refs/remotes/main [9ms]
2026-07-24 17:43:13.278 [info] > git for-each-ref --format=%(refname)%00%(upstream:short)%00%(objectname)%00%(upstream:track)%00%(upstream:remotename)%00%(upstream:remoteref) refs/heads/origin/main refs/remotes/origin/main [4ms]
2026-07-24 17:43:13.285 [info] > git rev-parse --show-toplevel [8ms]
2026-07-24 17:43:13.290 [info] > git merge-base refs/heads/main refs/remotes/origin/main [8ms]
2026-07-24 17:43:13.302 [info] > git status -z -uall [4ms]
2026-07-24 17:43:13.304 [info] > git diff --raw --numstat --diff-filter=ADMR -z --find-renames=50% b570fcf941e1a0bbeaf94c0a7bf6f5544321c1ae...refs/remotes/origin/main -- [10ms]
2026-07-24 17:43:13.304 [info] > git rev-parse --show-toplevel [14ms]
2026-07-24 17:43:13.308 [info] > git for-each-ref --sort -committerdate --format %(refname)%00%(objectname)%00%(*objectname) [7ms]
2026-07-24 17:43:13.311 [info] > git rev-parse --show-toplevel [2ms]
2026-07-24 17:43:13.316 [info] > git rev-parse --show-toplevel [2ms]
2026-07-24 17:43:13.318 [info] [Model][doInitialScan] Initial repository scan completed - repositories (1), closed repositories (0), parent repositories (0), unsafe repositories (0)
2026-07-24 17:43:13.723 [info] > git check-ignore -v -z --stdin [1ms]
2026-07-24 17:43:15.477 [info] > git rev-parse --show-toplevel [1ms]
2026-07-24 17:43:15.477 [info] fatal: not a git repository (or any of the parent directories): .git
2026-07-24 17:46:05.928 [info] > git rev-parse --show-toplevel [2ms]
2026-07-24 17:46:05.928 [info] fatal: not a git repository (or any of the parent directories): .git
2026-07-24 17:46:19.659 [info] > git rev-parse --show-toplevel [2ms]
2026-07-24 17:46:19.659 [info] fatal: not a git repository (or any of the parent directories): .git
2026-07-24 17:48:00.513 [info] > git rev-parse --show-toplevel [2ms]
2026-07-24 17:48:00.513 [info] fatal: not a git repository (or any of the parent directories): .git
2026-07-24 17:48:08.980 [info] > git rev-parse --show-toplevel [1ms]
2026-07-24 17:48:08.980 [info] fatal: not a git repository (or any of the parent directories): .git
2026-07-24 17:48:24.146 [info] > git rev-parse --show-toplevel [1ms]
2026-07-24 17:48:24.146 [info] fatal: not a git repository (or any of the parent directories): .git
2026-07-24 17:52:02.836 [info] > git check-ignore -v -z --stdin [3ms]
2026-07-24 17:52:05.144 [info] > git check-ignore -v -z --stdin [2ms]
2026-07-24 17:52:14.008 [info] > git rev-parse --show-toplevel [2ms]
2026-07-24 17:52:14.008 [info] fatal: not a git repository (or any of the parent directories): .git
2026-07-24 17:52:17.348 [info] > git rev-parse --show-toplevel [1ms]
2026-07-24 17:52:17.348 [info] fatal: not a git repository (or any of the parent directories): .git
2026-07-24 17:52:35.377 [info] > git rev-parse --show-toplevel [2ms]
2026-07-24 17:52:35.377 [info] fatal: not a git repository (or any of the parent directories): .git
2026-07-24 17:52:42.252 [info] > git rev-parse --show-toplevel [3ms]
2026-07-24 17:52:42.252 [info] fatal: not a git repository (or any of the parent directories): .git
2026-07-24 17:52:45.822 [info] > git rev-parse --show-toplevel [1ms]
2026-07-24 17:52:45.822 [info] fatal: not a git repository (or any of the parent directories): .git
2026-07-24 17:52:52.181 [info] > git rev-parse --show-toplevel [2ms]
2026-07-24 17:52:52.181 [info] fatal: not a git repository (or any of the parent directories): .git
2026-07-24 17:52:53.332 [info] > git rev-parse --show-toplevel [1ms]
2026-07-24 17:52:53.332 [info] fatal: not a git repository (or any of the parent directories): .git
2026-07-24 17:52:55.589 [info] > git rev-parse --show-toplevel [2ms]
2026-07-24 17:52:55.589 [info] fatal: not a git repository (or any of the parent directories): .git
2026-07-24 17:59:41.190 [info] > git rev-parse --show-toplevel [2ms]
2026-07-24 17:59:41.190 [info] fatal: not a git repository (or any of the parent directories): .git
2026-07-24 17:59:42.867 [info] > git rev-parse --show-toplevel [2ms]
2026-07-24 17:59:42.867 [info] fatal: not a git repository (or any of the parent directories): .git
2026-07-24 18:02:37.146 [info] > git rev-parse --show-toplevel [1ms]
2026-07-24 18:02:37.147 [info] fatal: not a git repository (or any of the parent directories): .git
