2026-07-29 14:34:14.561 [info] Reading sessions from keychain...
2026-07-29 14:34:14.561 [info] Getting sessions for all scopes...
2026-07-29 14:34:14.561 [info] Got 0 sessions for ...
2026-07-29 14:34:14.561 [info] Getting sessions for all scopes...
2026-07-29 14:34:14.561 [info] Got 0 sessions for ...
2026-07-29 14:34:14.561 [info] Getting sessions for all scopes...
2026-07-29 14:34:14.561 [info] Got 0 sessions for ...
2026-07-29 14:34:14.561 [info] Getting sessions for all scopes...
2026-07-29 14:34:14.561 [info] Got 0 sessions for ...
2026-07-29 14:34:14.561 [info] Getting sessions for all scopes...
2026-07-29 14:34:14.561 [info] Got 0 sessions for ...
2026-07-29 14:34:14.561 [info] Getting sessions for all scopes...
2026-07-29 14:34:14.561 [info] Got 0 sessions for ...
2026-07-29 14:34:14.561 [info] Getting sessions for all scopes...
2026-07-29 14:34:14.561 [info] Got 0 sessions for ...
2026-07-29 14:34:14.561 [info] Getting sessions for user:email...
2026-07-29 14:34:14.561 [info] Got 0 sessions for user:email...
2026-07-29 14:34:14.908 [info] Getting sessions for read:user,repo,user:email,workflow...
2026-07-29 14:34:14.908 [info] Got 0 sessions for read:user,repo,user:email,workflow...
2026-07-29 14:34:15.014 [info] Getting sessions for all scopes...
2026-07-29 14:34:15.014 [info] Got 0 sessions for ...
2026-07-29 14:34:15.220 [info] Getting sessions for read:user,user:email...
2026-07-29 14:34:15.220 [info] Got 0 sessions for read:user,user:email...
2026-07-29 14:34:15.236 [info] Getting sessions for all scopes...
2026-07-29 14:34:15.236 [info] Got 0 sessions for ...
2026-07-29 14:34:15.239 [info] Getting sessions for repo...
2026-07-29 14:34:15.239 [info] Got 0 sessions for repo...
2026-07-29 14:34:15.239 [info] Getting sessions for all scopes...
2026-07-29 14:34:15.239 [info] Got 0 sessions for ...
2026-07-29 14:34:15.243 [info] Getting sessions for all scopes...
2026-07-29 14:34:15.243 [info] Got 0 sessions for ...
2026-07-29 14:34:15.244 [info] Getting sessions for read:user,user:email...
2026-07-29 14:34:15.244 [info] Got 0 sessions for read:user,user:email...
2026-07-29 14:34:15.244 [info] Getting sessions for all scopes...
2026-07-29 14:34:15.244 [info] Got 0 sessions for ...
2026-07-29 14:34:15.244 [info] Getting sessions for repo...
2026-07-29 14:34:15.244 [info] Got 0 sessions for repo...
2026-07-29 14:34:15.245 [info] Getting sessions for all scopes...
2026-07-29 14:34:15.245 [info] Got 0 sessions for ...
2026-07-29 14:34:15.266 [info] Getting sessions for all scopes...
2026-07-29 14:34:15.266 [info] Got 0 sessions for ...
2026-07-29 14:34:15.383 [info] Getting sessions for all scopes...
2026-07-29 14:34:15.383 [info] Got 0 sessions for ...
2026-07-29 14:34:16.130 [info] Getting sessions for all scopes...
2026-07-29 14:34:16.130 [info] Got 0 sessions for ...
2026-07-29 14:34:16.356 [info] Getting sessions for all scopes...
2026-07-29 14:34:16.356 [info] Got 0 sessions for ...
2026-07-29 14:34:16.468 [info] Getting sessions for all scopes...
2026-07-29 14:34:16.469 [info] Got 0 sessions for ...
