2026-07-30 17:50:13.223 [info] [main] Log level: Info
2026-07-30 17:50:13.223 [info] [main] Validating found git in: "git"
2026-07-30 17:50:13.343 [info] [main] Using git "2.51.0" from "git"
2026-07-30 17:50:13.343 [info] [Model][doInitialScan] Initial repository scan started
2026-07-30 17:50:13.403 [info] > git rev-parse --show-toplevel [45ms]
2026-07-30 17:50:13.563 [info] > git rev-parse --git-dir --git-common-dir --show-superproject-working-tree [155ms]
2026-07-30 17:50:13.594 [info] [Model][openRepository] Opened repository (path): /home/atg/Aadi/Emisaver/code/whatsapp-chatbot
2026-07-30 17:50:13.594 [info] [Model][openRepository] Opened repository (real path): /home/atg/Aadi/Emisaver/code/whatsapp-chatbot
2026-07-30 17:50:13.594 [info] [Model][openRepository] Opened repository (kind): repository
2026-07-30 17:50:13.616 [info] > git config --get commit.template [12ms]
2026-07-30 17:50:13.616 [info] > git config --get --local core.virtualfilesystem [17ms]
2026-07-30 17:50:13.616 [warning] [Git][config] git config failed: Failed to execute git
2026-07-30 17:50:13.628 [info] > git rev-parse --show-toplevel [20ms]
2026-07-30 17:50:13.628 [info] fatal: not a git repository (or any of the parent directories): .git
2026-07-30 17:50:13.634 [info] > git rev-parse --show-toplevel [1ms]
2026-07-30 17:50:13.642 [info] > git rev-parse --show-toplevel [1ms]
2026-07-30 17:50:13.649 [info] > git rev-parse --show-toplevel [1ms]
2026-07-30 17:50:13.656 [info] > git for-each-ref --format=%(refname)%00%(upstream:short)%00%(objectname)%00%(upstream:track)%00%(upstream:remotename)%00%(upstream:remoteref) refs/heads/main refs/remotes/main [41ms]
2026-07-30 17:50:13.658 [info] > git rev-parse --show-toplevel [4ms]
2026-07-30 17:50:13.676 [info] > git rev-parse --show-toplevel [14ms]
2026-07-30 17:50:13.682 [info] > git rev-parse --show-toplevel [2ms]
2026-07-30 17:50:13.688 [info] > git for-each-ref --sort -committerdate --format %(refname)%00%(objectname)%00%(*objectname) [13ms]
2026-07-30 17:50:13.691 [info] > git rev-parse --show-toplevel [4ms]
2026-07-30 17:50:13.698 [info] > git rev-parse --show-toplevel [2ms]
2026-07-30 17:50:13.703 [info] [Model][doInitialScan] Initial repository scan completed - repositories (1), closed repositories (0), parent repositories (0), unsafe repositories (0)
2026-07-30 17:50:13.709 [info] > git status -z -uall [41ms]
2026-07-30 17:50:13.732 [info] > git rev-parse --show-toplevel [24ms]
2026-07-30 17:50:13.732 [info] fatal: not a git repository (or any of the parent directories): .git
2026-07-30 17:50:13.738 [info] > git config --get commit.template [7ms]
2026-07-30 17:50:13.738 [info] > git for-each-ref --format=%(refname)%00%(upstream:short)%00%(objectname)%00%(upstream:track)%00%(upstream:remotename)%00%(upstream:remoteref) refs/heads/main refs/remotes/main [14ms]
2026-07-30 17:50:13.751 [info] > git rev-parse --show-toplevel [14ms]
2026-07-30 17:50:13.751 [info] fatal: not a git repository (or any of the parent directories): .git
2026-07-30 17:50:13.757 [info] > git config --get --local branch.main.vscode-merge-base [12ms]
2026-07-30 17:50:13.766 [info] > git rev-parse --show-toplevel [10ms]
2026-07-30 17:50:13.766 [info] fatal: not a git repository (or any of the parent directories): .git
2026-07-30 17:50:13.766 [info] > git for-each-ref --format=%(refname)%00%(upstream:short)%00%(objectname)%00%(upstream:track)%00%(upstream:remotename)%00%(upstream:remoteref) refs/heads/main refs/remotes/main [16ms]
2026-07-30 17:50:13.772 [info] > git for-each-ref --format=%(refname)%00%(upstream:short)%00%(objectname)%00%(upstream:track)%00%(upstream:remotename)%00%(upstream:remoteref) refs/heads/origin/main refs/remotes/origin/main [11ms]
2026-07-30 17:50:13.780 [info] > git rev-parse --show-toplevel [9ms]
2026-07-30 17:50:13.780 [info] fatal: not a git repository (or any of the parent directories): .git
2026-07-30 17:50:13.798 [info] > git status -z -uall [13ms]
2026-07-30 17:50:13.801 [info] > git for-each-ref --sort -committerdate --format %(refname)%00%(objectname)%00%(*objectname) [10ms]
2026-07-30 17:50:13.812 [info] > git merge-base refs/heads/main refs/remotes/origin/main [34ms]
2026-07-30 17:50:13.818 [info] > git rev-parse --show-toplevel [20ms]
2026-07-30 17:50:13.818 [info] fatal: not a git repository (or any of the parent directories): .git
2026-07-30 17:50:13.833 [info] > git diff --raw --numstat --diff-filter=ADMR -z --find-renames=50% 832f2aea8477db46e15b35bba53658c7d28c9eb5...refs/remotes/origin/main -- [15ms]
2026-07-30 17:50:13.834 [info] > git merge-base refs/heads/main refs/remotes/origin/main [25ms]
2026-07-30 17:50:13.844 [info] > git diff --raw --numstat --diff-filter=ADMR -z --find-renames=50% 832f2aea8477db46e15b35bba53658c7d28c9eb5...refs/remotes/origin/main -- [4ms]
2026-07-30 17:50:13.844 [info] > git rev-parse --show-toplevel [12ms]
2026-07-30 17:50:13.844 [info] fatal: not a git repository (or any of the parent directories): .git
2026-07-30 17:50:13.851 [info] > git rev-parse --show-toplevel [1ms]
2026-07-30 17:50:13.851 [info] fatal: not a git repository (or any of the parent directories): .git
2026-07-30 17:50:14.125 [info] > git check-ignore -v -z --stdin [2ms]
2026-07-30 17:50:14.760 [info] > git rev-parse --show-toplevel [2ms]
2026-07-30 17:50:14.760 [info] fatal: not a git repository (or any of the parent directories): .git
2026-07-30 17:50:15.992 [info] > git rev-parse --show-toplevel [1ms]
2026-07-30 17:50:15.992 [info] fatal: not a git repository (or any of the parent directories): .git
