2026-07-29 23:05:25.452 [info] Reading sessions from keychain...
2026-07-29 23:05:25.452 [info] Getting sessions for all scopes...
2026-07-29 23:05:25.452 [info] Got 0 sessions for ...
2026-07-29 23:05:25.452 [info] Getting sessions for all scopes...
2026-07-29 23:05:25.452 [info] Got 0 sessions for ...
2026-07-29 23:05:25.452 [info] Getting sessions for all scopes...
2026-07-29 23:05:25.452 [info] Got 0 sessions for ...
2026-07-29 23:05:25.494 [info] Getting sessions for all scopes...
2026-07-29 23:05:25.494 [info] Got 0 sessions for ...
2026-07-29 23:05:25.827 [info] Getting sessions for all scopes...
2026-07-29 23:05:25.827 [info] Got 0 sessions for ...
2026-07-29 23:05:25.847 [info] Getting sessions for all scopes...
2026-07-29 23:05:25.847 [info] Got 0 sessions for ...
2026-07-29 23:05:26.120 [info] Getting sessions for user:email...
2026-07-29 23:05:26.120 [info] Got 0 sessions for user:email...
2026-07-29 23:05:26.431 [info] Getting sessions for read:user,repo,user:email,workflow...
2026-07-29 23:05:26.431 [info] Got 0 sessions for read:user,repo,user:email,workflow...
2026-07-29 23:05:26.441 [info] Getting sessions for all scopes...
2026-07-29 23:05:26.442 [info] Got 0 sessions for ...
2026-07-29 23:05:26.649 [info] Getting sessions for read:user,user:email...
2026-07-29 23:05:26.649 [info] Got 0 sessions for read:user,user:email...
2026-07-29 23:05:26.651 [info] Getting sessions for all scopes...
2026-07-29 23:05:26.651 [info] Got 0 sessions for ...
2026-07-29 23:05:26.651 [info] Getting sessions for all scopes...
2026-07-29 23:05:26.651 [info] Got 0 sessions for ...
2026-07-29 23:05:26.652 [info] Getting sessions for repo...
2026-07-29 23:05:26.652 [info] Got 0 sessions for repo...
2026-07-29 23:05:26.655 [info] Getting sessions for all scopes...
2026-07-29 23:05:26.655 [info] Got 0 sessions for ...
2026-07-29 23:05:26.656 [info] Getting sessions for read:user,user:email...
2026-07-29 23:05:26.656 [info] Got 0 sessions for read:user,user:email...
2026-07-29 23:05:26.656 [info] Getting sessions for all scopes...
2026-07-29 23:05:26.656 [info] Got 0 sessions for ...
2026-07-29 23:05:26.657 [info] Getting sessions for repo...
2026-07-29 23:05:26.657 [info] Got 0 sessions for repo...
2026-07-29 23:05:26.657 [info] Getting sessions for all scopes...
2026-07-29 23:05:26.657 [info] Got 0 sessions for ...
2026-07-29 23:05:26.816 [info] Getting sessions for all scopes...
2026-07-29 23:05:26.816 [info] Got 0 sessions for ...
2026-07-29 23:05:27.033 [info] Getting sessions for all scopes...
2026-07-29 23:05:27.033 [info] Got 0 sessions for ...
2026-07-29 23:05:27.042 [info] Getting sessions for all scopes...
2026-07-29 23:05:27.042 [info] Got 0 sessions for ...
2026-07-29 23:05:27.195 [info] Getting sessions for all scopes...
2026-07-29 23:05:27.196 [info] Got 0 sessions for ...
2026-07-29 23:05:27.898 [info] Getting sessions for all scopes...
2026-07-29 23:05:27.898 [info] Got 0 sessions for ...
2026-07-29 23:05:40.019 [info] Getting sessions for all scopes...
2026-07-29 23:05:40.019 [info] Got 0 sessions for ...
