2026-07-24 12:37:10.045 [info] [main] Log level: Info
2026-07-24 12:37:10.045 [info] [main] Validating found git in: "git"
2026-07-24 12:37:10.045 [info] [main] Using git "2.51.0" from "git"
2026-07-24 12:37:10.045 [info] [Model][doInitialScan] Initial repository scan started
2026-07-24 12:37:10.045 [info] > git rev-parse --show-toplevel [4ms]
2026-07-24 12:37:10.045 [info] > git rev-parse --git-dir --git-common-dir --show-superproject-working-tree [9ms]
2026-07-24 12:37:10.140 [info] [Model][openRepository] Opened repository (path): /home/atg/Aadi/Emisaver/code/whatsapp-chatbot
2026-07-24 12:37:10.140 [info] [Model][openRepository] Opened repository (real path): /home/atg/Aadi/Emisaver/code/whatsapp-chatbot
2026-07-24 12:37:10.140 [info] [Model][openRepository] Opened repository (kind): repository
2026-07-24 12:37:10.185 [info] > git config --get --local core.virtualfilesystem [38ms]
2026-07-24 12:37:10.185 [warning] [Git][config] git config failed: Failed to execute git
2026-07-24 12:37:10.196 [info] > git config --get commit.template [15ms]
2026-07-24 12:37:10.197 [info] > git rev-parse --show-toplevel [13ms]
2026-07-24 12:37:10.220 [info] > git for-each-ref --format=%(refname)%00%(upstream:short)%00%(objectname)%00%(upstream:track)%00%(upstream:remotename)%00%(upstream:remoteref) refs/heads/main refs/remotes/main [13ms]
2026-07-24 12:37:10.223 [info] > git rev-parse --show-toplevel [4ms]
2026-07-24 12:37:10.252 [info] > git status -z -uall [10ms]
2026-07-24 12:37:10.252 [info] > git rev-parse --show-toplevel [20ms]
2026-07-24 12:37:10.257 [info] > git for-each-ref --sort -committerdate --format %(refname)%00%(objectname)%00%(*objectname) [6ms]
2026-07-24 12:37:10.291 [info] > git config --get commit.template [4ms]
2026-07-24 12:37:10.291 [info] > git for-each-ref --format=%(refname)%00%(upstream:short)%00%(objectname)%00%(upstream:track)%00%(upstream:remotename)%00%(upstream:remoteref) refs/heads/main refs/remotes/main [12ms]
2026-07-24 12:37:10.299 [info] > git rev-parse --show-toplevel [43ms]
2026-07-24 12:37:10.314 [info] > git config --get --local branch.main.vscode-merge-base [16ms]
2026-07-24 12:37:10.322 [info] > git for-each-ref --format=%(refname)%00%(upstream:short)%00%(objectname)%00%(upstream:track)%00%(upstream:remotename)%00%(upstream:remoteref) refs/heads/origin/main refs/remotes/origin/main [3ms]
2026-07-24 12:37:10.329 [info] > git for-each-ref --format=%(refname)%00%(upstream:short)%00%(objectname)%00%(upstream:track)%00%(upstream:remotename)%00%(upstream:remoteref) refs/heads/main refs/remotes/main [15ms]
2026-07-24 12:37:10.329 [info] > git rev-parse --show-toplevel [22ms]
2026-07-24 12:37:10.336 [info] > git rev-parse --show-toplevel [2ms]
2026-07-24 12:37:10.337 [info] > git merge-base refs/heads/main refs/remotes/origin/main [9ms]
2026-07-24 12:37:10.357 [info] > git status -z -uall [10ms]
2026-07-24 12:37:10.357 [info] > git diff --raw --numstat --diff-filter=ADMR -z --find-renames=50% b570fcf941e1a0bbeaf94c0a7bf6f5544321c1ae...refs/remotes/origin/main -- [15ms]
2026-07-24 12:37:10.359 [info] > git for-each-ref --sort -committerdate --format %(refname)%00%(objectname)%00%(*objectname) [7ms]
2026-07-24 12:37:10.367 [info] > git rev-parse --show-toplevel [10ms]
2026-07-24 12:37:10.373 [info] > git rev-parse --show-toplevel [2ms]
2026-07-24 12:37:10.379 [info] [Model][doInitialScan] Initial repository scan completed - repositories (1), closed repositories (0), parent repositories (0), unsafe repositories (0)
2026-07-24 12:37:10.659 [info] > git check-ignore -v -z --stdin [3ms]
2026-07-24 12:37:11.347 [info] > git check-ignore -v -z --stdin [3ms]
2026-07-24 12:42:34.230 [info] > git config --get commit.template [14ms]
2026-07-24 12:42:34.232 [info] > git for-each-ref --format=%(refname)%00%(upstream:short)%00%(objectname)%00%(upstream:track)%00%(upstream:remotename)%00%(upstream:remoteref) refs/heads/main refs/remotes/main [5ms]
2026-07-24 12:42:34.256 [info] > git status -z -uall [11ms]
2026-07-24 12:42:34.258 [info] > git for-each-ref --sort -committerdate --format %(refname)%00%(objectname)%00%(*objectname) [3ms]
