2026-07-30 17:50:12.387 [info] Started local extension host with pid 24564.
2026-07-30 17:50:12.598 [error] [vscode.mermaid-markdown-features]: Extension 'vscode.mermaid-markdown-features' CANNOT use 'legacyToolReferenceFullNames' without the 'chatParticipantPrivate' API proposal enabled
2026-07-30 17:50:12.751 [info] [AgentHost:renderer] Acquiring MessagePort to agent host...
2026-07-30 17:50:12.760 [info] [AgentHost:renderer] MessagePort acquired, creating client...
2026-07-30 17:50:13.655 [info] [AccountPolicyGate] apply: state=inactive, reason=undefined, isRestricted=false
2026-07-30 17:50:13.656 [info] [AgentHost:renderer] Protocol connection established; clientId=ebfa413b-80da-4223-b78a-038b0412e380
2026-07-30 17:50:13.838 [info] [AgentHost] No token resolved for resource: https://api.github.com
2026-07-30 17:50:13.947 [info] [AgentHost] No token resolved for resource: https://api.github.com/repos
2026-07-30 17:50:14.024 [info] [AgentHost] No token resolved for resource: https://api.github.com
2026-07-30 17:50:14.041 [info] Settings Sync: Account status changed from uninitialized to unavailable
2026-07-30 17:50:14.058 [info] [AgentHost] No token resolved for resource: https://api.github.com/repos
2026-07-30 17:50:14.095 [info] [AgentHost] No token resolved for resource: https://api.github.com
2026-07-30 17:50:14.097 [info] [AgentHost] No token resolved for resource: https://api.github.com/repos
2026-07-30 17:50:14.098 [info] [AgentHost] No token resolved for resource: https://api.github.com
2026-07-30 17:50:14.099 [info] [AgentHost] No token resolved for resource: https://api.github.com/repos
2026-07-30 17:50:15.740 [error] [Extension Host] (node:24564) [DEP0169] DeprecationWarning: `url.parse()` behavior is not standardized and prone to errors that have security implications. Use the WHATWG URL API instead. CVEs are not issued for `url.parse()` vulnerabilities.
(Use `exe --trace-deprecation ...` to show where the warning was created)
2026-07-30 17:50:16.608 [info] [perf] Render performance baseline is 23ms
2026-07-30 17:50:18.437 [info] [AccountPolicyGate] apply: state=inactive, reason=undefined, isRestricted=false
2026-07-30 17:51:11.579 [warning] [backup tracker] suspended, ignoring unregister event file:///home/atg/Aadi/Emisaver/code/whatsapp-chatbot/package.json 
