2026-07-31 00:16:51.045 [info] Started local extension host with pid 5726.
2026-07-31 00:16:51.243 [error] [vscode.mermaid-markdown-features]: Extension 'vscode.mermaid-markdown-features' CANNOT use 'legacyToolReferenceFullNames' without the 'chatParticipantPrivate' API proposal enabled
2026-07-31 00:16:51.900 [info] [AgentHost:renderer] Acquiring MessagePort to agent host...
2026-07-31 00:16:51.968 [info] [AgentHost:renderer] MessagePort acquired, creating client...
2026-07-31 00:16:52.058 [info] [AccountPolicyGate] apply: state=inactive, reason=undefined, isRestricted=false
2026-07-31 00:16:52.236 [info] Settings Sync: Account status changed from uninitialized to unavailable
2026-07-31 00:16:52.810 [info] [AgentHost:renderer] Protocol connection established; clientId=906015dc-bcd8-4c56-8ad1-31d997bbe45e
2026-07-31 00:16:52.813 [info] [AgentHost] No token resolved for resource: https://api.github.com
2026-07-31 00:16:52.822 [info] [AgentHost] No token resolved for resource: https://api.github.com/repos
2026-07-31 00:16:52.823 [info] [AgentHost] No token resolved for resource: https://api.github.com
2026-07-31 00:16:52.824 [info] [AgentHost] No token resolved for resource: https://api.github.com
2026-07-31 00:16:52.824 [info] [AgentHost] No token resolved for resource: https://api.github.com
2026-07-31 00:16:52.825 [info] [AgentHost] No token resolved for resource: https://api.github.com
2026-07-31 00:16:52.825 [info] [AgentHost] No token resolved for resource: https://api.github.com
2026-07-31 00:16:52.825 [info] [AgentHost] No token resolved for resource: https://api.github.com
2026-07-31 00:16:52.825 [info] [AgentHost] No token resolved for resource: https://api.github.com
2026-07-31 00:16:52.826 [info] [AgentHost] No token resolved for resource: https://api.github.com
2026-07-31 00:16:52.826 [info] [AgentHost] No token resolved for resource: https://api.github.com/repos
2026-07-31 00:16:52.826 [info] [AgentHost] No token resolved for resource: https://api.github.com
2026-07-31 00:16:52.826 [info] [AgentHost] No token resolved for resource: https://api.github.com/repos
2026-07-31 00:16:52.827 [info] [AgentHost] No token resolved for resource: https://api.github.com/repos
2026-07-31 00:16:52.827 [info] [AgentHost] No token resolved for resource: https://api.github.com/repos
2026-07-31 00:16:52.827 [info] [AgentHost] No token resolved for resource: https://api.github.com/repos
2026-07-31 00:16:52.827 [info] [AgentHost] No token resolved for resource: https://api.github.com/repos
2026-07-31 00:16:52.827 [info] [AgentHost] No token resolved for resource: https://api.github.com
2026-07-31 00:16:52.827 [info] [AgentHost] No token resolved for resource: https://api.github.com/repos
2026-07-31 00:16:52.828 [info] [AgentHost] No token resolved for resource: https://api.github.com/repos
2026-07-31 00:16:52.828 [info] [AgentHost] No token resolved for resource: https://api.github.com
2026-07-31 00:16:52.828 [info] [AgentHost] No token resolved for resource: https://api.github.com/repos
2026-07-31 00:16:52.828 [info] [AgentHost] No token resolved for resource: https://api.github.com
2026-07-31 00:16:52.828 [info] [AgentHost] No token resolved for resource: https://api.github.com
2026-07-31 00:16:52.828 [info] [AgentHost] No token resolved for resource: https://api.github.com
2026-07-31 00:16:52.829 [info] [AgentHost] No token resolved for resource: https://api.github.com
2026-07-31 00:16:52.829 [info] [AgentHost] No token resolved for resource: https://api.github.com
2026-07-31 00:16:52.829 [info] [AgentHost] No token resolved for resource: https://api.github.com/repos
2026-07-31 00:16:52.829 [info] [AgentHost] No token resolved for resource: https://api.github.com
2026-07-31 00:16:52.830 [info] [AgentHost] No token resolved for resource: https://api.github.com/repos
2026-07-31 00:16:52.830 [info] [AgentHost] No token resolved for resource: https://api.github.com
2026-07-31 00:16:52.831 [info] [AgentHost] No token resolved for resource: https://api.github.com/repos
2026-07-31 00:16:52.831 [info] [AgentHost] No token resolved for resource: https://api.github.com/repos
2026-07-31 00:16:52.831 [info] [AgentHost] No token resolved for resource: https://api.github.com/repos
2026-07-31 00:16:52.831 [info] [AgentHost] No token resolved for resource: https://api.github.com/repos
2026-07-31 00:16:52.831 [info] [AgentHost] No token resolved for resource: https://api.github.com/repos
2026-07-31 00:16:52.832 [info] [AgentHost] No token resolved for resource: https://api.github.com
2026-07-31 00:16:52.832 [info] [AgentHost] No token resolved for resource: https://api.github.com/repos
2026-07-31 00:16:52.832 [info] [AgentHost] No token resolved for resource: https://api.github.com/repos
2026-07-31 00:16:52.832 [info] [AgentHost] No token resolved for resource: https://api.github.com/repos
2026-07-31 00:16:54.310 [info] [perf] Render performance baseline is 18ms
2026-07-31 00:16:54.665 [error] [Extension Host] (node:5726) [DEP0169] DeprecationWarning: `url.parse()` behavior is not standardized and prone to errors that have security implications. Use the WHATWG URL API instead. CVEs are not issued for `url.parse()` vulnerabilities.
(Use `exe --trace-deprecation ...` to show where the warning was created)
