2026-07-24 17:43:11.963 [info] Extension host with pid 8833 started
2026-07-24 17:43:11.963 [info] Skipping acquiring lock for /home/atg/.config/Code/User/workspaceStorage/f182cb24c3527b1a5d1bc1e5ab2d2c0f.
2026-07-24 17:43:12.075 [info] ExtensionService#_doActivateExtension vscode.github-authentication, startup: false, activationEvent: 'onAuthenticationRequest:github'
2026-07-24 17:43:12.124 [info] ExtensionService#_doActivateExtension vscode.emmet, startup: false, activationEvent: 'onLanguage'
2026-07-24 17:43:12.140 [info] ExtensionService#_doActivateExtension vscode.configuration-editing, startup: false, activationEvent: 'onLanguage:json'
2026-07-24 17:43:12.149 [info] ExtensionService#_doActivateExtension vscode.extension-editing, startup: false, activationEvent: 'onLanguage:json'
2026-07-24 17:43:12.163 [info] ExtensionService#_doActivateExtension vscode.json-language-features, startup: false, activationEvent: 'onLanguage:json'
2026-07-24 17:43:12.265 [info] ExtensionService#_doActivateExtension vscode.npm, startup: false, activationEvent: 'onLanguage:json'
2026-07-24 17:43:12.313 [info] ExtensionService#_doActivateExtension vscode.markdown-language-features, startup: false, activationEvent: 'onLanguage:markdown'
2026-07-24 17:43:12.796 [info] ExtensionService#_doActivateExtension vscode.git-base, startup: true, activationEvent: '*', root cause: vscode.git
2026-07-24 17:43:12.957 [info] ExtensionService#_doActivateExtension vscode.git, startup: true, activationEvent: '*'
2026-07-24 17:43:13.009 [info] ExtensionService#_doActivateExtension vscode.github, startup: true, activationEvent: '*'
2026-07-24 17:43:13.078 [info] Eager extensions activated
2026-07-24 17:43:13.094 [info] ExtensionService#_doActivateExtension vscode.debug-auto-launch, startup: false, activationEvent: 'onStartupFinished'
2026-07-24 17:43:13.097 [info] ExtensionService#_doActivateExtension vscode.merge-conflict, startup: false, activationEvent: 'onStartupFinished'
2026-07-24 17:43:14.581 [info] ExtensionService#_doActivateExtension vscode.markdown-math, startup: false, activationEvent: 'api', root cause: vscode.markdown-language-features
2026-07-24 17:43:14.593 [info] ExtensionService#_doActivateExtension vscode.mermaid-markdown-features, startup: false, activationEvent: 'api', root cause: vscode.markdown-language-features
2026-07-24 17:43:14.754 [error] Error: Tool "renderMermaidDiagram" was not contributed.
    at $F.registerToolImplementation (vscode-file://vscode-app/usr/share/code/resources/app/out/vs/workbench/workbench.desktop.main.js:3447:5759)
    at KVt.$registerTool (vscode-file://vscode-app/usr/share/code/resources/app/out/vs/workbench/workbench.desktop.main.js:1075:98006)
    at s._doInvokeHandler (vscode-file://vscode-app/usr/share/code/resources/app/out/vs/workbench/workbench.desktop.main.js:5344:51901)
    at s._invokeHandler (vscode-file://vscode-app/usr/share/code/resources/app/out/vs/workbench/workbench.desktop.main.js:5344:51647)
    at s._receiveRequest (vscode-file://vscode-app/usr/share/code/resources/app/out/vs/workbench/workbench.desktop.main.js:5344:50428)
    at s._receiveOneMessage (vscode-file://vscode-app/usr/share/code/resources/app/out/vs/workbench/workbench.desktop.main.js:5344:49262)
    at Ske.value (vscode-file://vscode-app/usr/share/code/resources/app/out/vs/workbench/workbench.desktop.main.js:5344:47334)
    at D._deliver (vscode-file://vscode-app/usr/share/code/resources/app/out/vs/workbench/workbench.desktop.main.js:433:3269)
    at D.fire (vscode-file://vscode-app/usr/share/code/resources/app/out/vs/workbench/workbench.desktop.main.js:433:3588)
    at P6.fire (vscode-file://vscode-app/usr/share/code/resources/app/out/vs/workbench/workbench.desktop.main.js:1130:9732)
    at MessagePort.<anonymous> (vscode-file://vscode-app/usr/share/code/resources/app/out/vs/workbench/workbench.desktop.main.js:5359:16881)
2026-07-24 17:46:01.841 [info] ExtensionService#_doActivateExtension AykutSarac.jsoncrack-vscode, startup: false, activationEvent: 'workspaceContains:**/*.{json}'
2026-07-24 17:48:29.150 [info] ExtensionService#_doActivateExtension DutchIgor.json-viewer, startup: false, activationEvent: 'onCustomEditor:jsonGridViewer.json'
2026-07-24 17:48:40.491 [info] ExtensionService#_doActivateExtension vscode.typescript-language-features, startup: false, activationEvent: 'onLanguage:jsonc'
2026-07-24 17:52:18.771 [error] TypeError: Assignment to constant variable.
	at Pp.value (/home/atg/.vscode/extensions/dutchigor.json-viewer-0.1.0/editor/json-grid-editor-provider.js:25:19)
	at T._deliver (file:///usr/share/code/resources/app/out/vs/workbench/api/node/extensionHostProcess.js:431:3244)
	at T.fire (file:///usr/share/code/resources/app/out/vs/workbench/api/node/extensionHostProcess.js:431:3562)
	at xU.dispose (file:///usr/share/code/resources/app/out/vs/workbench/api/node/extensionHostProcess.js:673:114056)
	at i.$onDidDisposeWebviewPanel (file:///usr/share/code/resources/app/out/vs/workbench/api/node/extensionHostProcess.js:673:116323)
	at i._doInvokeHandler (file:///usr/share/code/resources/app/out/vs/workbench/api/node/extensionHostProcess.js:435:158411)
	at i._invokeHandler (file:///usr/share/code/resources/app/out/vs/workbench/api/node/extensionHostProcess.js:435:158159)
	at i._receiveRequest (file:///usr/share/code/resources/app/out/vs/workbench/api/node/extensionHostProcess.js:435:156941)
	at i._receiveOneMessage (file:///usr/share/code/resources/app/out/vs/workbench/api/node/extensionHostProcess.js:435:155779)
	at Pp.value (file:///usr/share/code/resources/app/out/vs/workbench/api/node/extensionHostProcess.js:435:153854)
	at T._deliver (file:///usr/share/code/resources/app/out/vs/workbench/api/node/extensionHostProcess.js:431:3244)
	at T.fire (file:///usr/share/code/resources/app/out/vs/workbench/api/node/extensionHostProcess.js:431:3562)
	at fs.fire (file:///usr/share/code/resources/app/out/vs/workbench/api/node/extensionHostProcess.js:433:8509)
	at Pp.value (file:///usr/share/code/resources/app/out/vs/workbench/api/node/extensionHostProcess.js:852:10003)
	at T._deliver (file:///usr/share/code/resources/app/out/vs/workbench/api/node/extensionHostProcess.js:431:3244)
	at T.fire (file:///usr/share/code/resources/app/out/vs/workbench/api/node/extensionHostProcess.js:431:3562)
	at fs.fire (file:///usr/share/code/resources/app/out/vs/workbench/api/node/extensionHostProcess.js:433:8509)
	at MessagePortMain.<anonymous> (file:///usr/share/code/resources/app/out/vs/workbench/api/node/extensionHostProcess.js:852:8171)
	at MessagePortMain.emit (node:events:509:28)
	at Object.emit (node:electron/js2c/utility_init:2:2934)
2026-07-24 17:52:35.353 [error] TypeError: Assignment to constant variable.
	at Pp.value (/home/atg/.vscode/extensions/dutchigor.json-viewer-0.1.0/editor/json-grid-editor-provider.js:25:19)
	at T._deliver (file:///usr/share/code/resources/app/out/vs/workbench/api/node/extensionHostProcess.js:431:3244)
	at T.fire (file:///usr/share/code/resources/app/out/vs/workbench/api/node/extensionHostProcess.js:431:3562)
	at xU.dispose (file:///usr/share/code/resources/app/out/vs/workbench/api/node/extensionHostProcess.js:673:114056)
	at i.$onDidDisposeWebviewPanel (file:///usr/share/code/resources/app/out/vs/workbench/api/node/extensionHostProcess.js:673:116323)
	at i._doInvokeHandler (file:///usr/share/code/resources/app/out/vs/workbench/api/node/extensionHostProcess.js:435:158411)
	at i._invokeHandler (file:///usr/share/code/resources/app/out/vs/workbench/api/node/extensionHostProcess.js:435:158159)
	at i._receiveRequest (file:///usr/share/code/resources/app/out/vs/workbench/api/node/extensionHostProcess.js:435:156941)
	at i._receiveOneMessage (file:///usr/share/code/resources/app/out/vs/workbench/api/node/extensionHostProcess.js:435:155779)
	at Pp.value (file:///usr/share/code/resources/app/out/vs/workbench/api/node/extensionHostProcess.js:435:153854)
	at T._deliver (file:///usr/share/code/resources/app/out/vs/workbench/api/node/extensionHostProcess.js:431:3244)
	at T.fire (file:///usr/share/code/resources/app/out/vs/workbench/api/node/extensionHostProcess.js:431:3562)
	at fs.fire (file:///usr/share/code/resources/app/out/vs/workbench/api/node/extensionHostProcess.js:433:8509)
	at Pp.value (file:///usr/share/code/resources/app/out/vs/workbench/api/node/extensionHostProcess.js:852:10003)
	at T._deliver (file:///usr/share/code/resources/app/out/vs/workbench/api/node/extensionHostProcess.js:431:3244)
	at T.fire (file:///usr/share/code/resources/app/out/vs/workbench/api/node/extensionHostProcess.js:431:3562)
	at fs.fire (file:///usr/share/code/resources/app/out/vs/workbench/api/node/extensionHostProcess.js:433:8509)
	at MessagePortMain.<anonymous> (file:///usr/share/code/resources/app/out/vs/workbench/api/node/extensionHostProcess.js:852:8171)
	at MessagePortMain.emit (node:events:509:28)
	at Object.emit (node:electron/js2c/utility_init:2:2934)
2026-07-24 17:52:42.222 [error] TypeError: Assignment to constant variable.
	at Pp.value (/home/atg/.vscode/extensions/dutchigor.json-viewer-0.1.0/editor/json-grid-editor-provider.js:25:19)
	at T._deliver (file:///usr/share/code/resources/app/out/vs/workbench/api/node/extensionHostProcess.js:431:3244)
	at T.fire (file:///usr/share/code/resources/app/out/vs/workbench/api/node/extensionHostProcess.js:431:3562)
	at xU.dispose (file:///usr/share/code/resources/app/out/vs/workbench/api/node/extensionHostProcess.js:673:114056)
	at i.$onDidDisposeWebviewPanel (file:///usr/share/code/resources/app/out/vs/workbench/api/node/extensionHostProcess.js:673:116323)
	at i._doInvokeHandler (file:///usr/share/code/resources/app/out/vs/workbench/api/node/extensionHostProcess.js:435:158411)
	at i._invokeHandler (file:///usr/share/code/resources/app/out/vs/workbench/api/node/extensionHostProcess.js:435:158159)
	at i._receiveRequest (file:///usr/share/code/resources/app/out/vs/workbench/api/node/extensionHostProcess.js:435:156941)
	at i._receiveOneMessage (file:///usr/share/code/resources/app/out/vs/workbench/api/node/extensionHostProcess.js:435:155779)
	at Pp.value (file:///usr/share/code/resources/app/out/vs/workbench/api/node/extensionHostProcess.js:435:153854)
	at T._deliver (file:///usr/share/code/resources/app/out/vs/workbench/api/node/extensionHostProcess.js:431:3244)
	at T.fire (file:///usr/share/code/resources/app/out/vs/workbench/api/node/extensionHostProcess.js:431:3562)
	at fs.fire (file:///usr/share/code/resources/app/out/vs/workbench/api/node/extensionHostProcess.js:433:8509)
	at Pp.value (file:///usr/share/code/resources/app/out/vs/workbench/api/node/extensionHostProcess.js:852:10003)
	at T._deliver (file:///usr/share/code/resources/app/out/vs/workbench/api/node/extensionHostProcess.js:431:3244)
	at T.fire (file:///usr/share/code/resources/app/out/vs/workbench/api/node/extensionHostProcess.js:431:3562)
	at fs.fire (file:///usr/share/code/resources/app/out/vs/workbench/api/node/extensionHostProcess.js:433:8509)
	at MessagePortMain.<anonymous> (file:///usr/share/code/resources/app/out/vs/workbench/api/node/extensionHostProcess.js:852:8171)
	at MessagePortMain.emit (node:events:509:28)
	at Object.emit (node:electron/js2c/utility_init:2:2934)
2026-07-24 17:52:55.564 [error] TypeError: Assignment to constant variable.
	at Pp.value (/home/atg/.vscode/extensions/dutchigor.json-viewer-0.1.0/editor/json-grid-editor-provider.js:25:19)
	at T._deliver (file:///usr/share/code/resources/app/out/vs/workbench/api/node/extensionHostProcess.js:431:3244)
	at T.fire (file:///usr/share/code/resources/app/out/vs/workbench/api/node/extensionHostProcess.js:431:3562)
	at xU.dispose (file:///usr/share/code/resources/app/out/vs/workbench/api/node/extensionHostProcess.js:673:114056)
	at i.$onDidDisposeWebviewPanel (file:///usr/share/code/resources/app/out/vs/workbench/api/node/extensionHostProcess.js:673:116323)
	at i._doInvokeHandler (file:///usr/share/code/resources/app/out/vs/workbench/api/node/extensionHostProcess.js:435:158411)
	at i._invokeHandler (file:///usr/share/code/resources/app/out/vs/workbench/api/node/extensionHostProcess.js:435:158159)
	at i._receiveRequest (file:///usr/share/code/resources/app/out/vs/workbench/api/node/extensionHostProcess.js:435:156941)
	at i._receiveOneMessage (file:///usr/share/code/resources/app/out/vs/workbench/api/node/extensionHostProcess.js:435:155779)
	at Pp.value (file:///usr/share/code/resources/app/out/vs/workbench/api/node/extensionHostProcess.js:435:153854)
	at T._deliver (file:///usr/share/code/resources/app/out/vs/workbench/api/node/extensionHostProcess.js:431:3244)
	at T.fire (file:///usr/share/code/resources/app/out/vs/workbench/api/node/extensionHostProcess.js:431:3562)
	at fs.fire (file:///usr/share/code/resources/app/out/vs/workbench/api/node/extensionHostProcess.js:433:8509)
	at Pp.value (file:///usr/share/code/resources/app/out/vs/workbench/api/node/extensionHostProcess.js:852:10003)
	at T._deliver (file:///usr/share/code/resources/app/out/vs/workbench/api/node/extensionHostProcess.js:431:3244)
	at T.fire (file:///usr/share/code/resources/app/out/vs/workbench/api/node/extensionHostProcess.js:431:3562)
	at fs.fire (file:///usr/share/code/resources/app/out/vs/workbench/api/node/extensionHostProcess.js:433:8509)
	at MessagePortMain.<anonymous> (file:///usr/share/code/resources/app/out/vs/workbench/api/node/extensionHostProcess.js:852:8171)
	at MessagePortMain.emit (node:events:509:28)
	at Object.emit (node:electron/js2c/utility_init:2:2934)
2026-07-24 17:58:26.137 [error] TypeError: Assignment to constant variable.
	at Pp.value (/home/atg/.vscode/extensions/dutchigor.json-viewer-0.1.0/editor/json-grid-editor-provider.js:25:19)
	at T._deliver (file:///usr/share/code/resources/app/out/vs/workbench/api/node/extensionHostProcess.js:431:3244)
	at T.fire (file:///usr/share/code/resources/app/out/vs/workbench/api/node/extensionHostProcess.js:431:3562)
	at xU.dispose (file:///usr/share/code/resources/app/out/vs/workbench/api/node/extensionHostProcess.js:673:114056)
	at i.$onDidDisposeWebviewPanel (file:///usr/share/code/resources/app/out/vs/workbench/api/node/extensionHostProcess.js:673:116323)
	at i._doInvokeHandler (file:///usr/share/code/resources/app/out/vs/workbench/api/node/extensionHostProcess.js:435:158411)
	at i._invokeHandler (file:///usr/share/code/resources/app/out/vs/workbench/api/node/extensionHostProcess.js:435:158159)
	at i._receiveRequest (file:///usr/share/code/resources/app/out/vs/workbench/api/node/extensionHostProcess.js:435:156941)
	at i._receiveOneMessage (file:///usr/share/code/resources/app/out/vs/workbench/api/node/extensionHostProcess.js:435:155779)
	at Pp.value (file:///usr/share/code/resources/app/out/vs/workbench/api/node/extensionHostProcess.js:435:153854)
	at T._deliver (file:///usr/share/code/resources/app/out/vs/workbench/api/node/extensionHostProcess.js:431:3244)
	at T.fire (file:///usr/share/code/resources/app/out/vs/workbench/api/node/extensionHostProcess.js:431:3562)
	at fs.fire (file:///usr/share/code/resources/app/out/vs/workbench/api/node/extensionHostProcess.js:433:8509)
	at Pp.value (file:///usr/share/code/resources/app/out/vs/workbench/api/node/extensionHostProcess.js:852:10003)
	at T._deliver (file:///usr/share/code/resources/app/out/vs/workbench/api/node/extensionHostProcess.js:431:3244)
	at T.fire (file:///usr/share/code/resources/app/out/vs/workbench/api/node/extensionHostProcess.js:431:3562)
	at fs.fire (file:///usr/share/code/resources/app/out/vs/workbench/api/node/extensionHostProcess.js:433:8509)
	at MessagePortMain.<anonymous> (file:///usr/share/code/resources/app/out/vs/workbench/api/node/extensionHostProcess.js:852:8171)
	at MessagePortMain.emit (node:events:509:28)
	at Object.emit (node:electron/js2c/utility_init:2:2934)
2026-07-24 17:59:42.847 [error] TypeError: Assignment to constant variable.
	at Pp.value (/home/atg/.vscode/extensions/dutchigor.json-viewer-0.1.0/editor/json-grid-editor-provider.js:25:19)
	at T._deliver (file:///usr/share/code/resources/app/out/vs/workbench/api/node/extensionHostProcess.js:431:3244)
	at T.fire (file:///usr/share/code/resources/app/out/vs/workbench/api/node/extensionHostProcess.js:431:3562)
	at xU.dispose (file:///usr/share/code/resources/app/out/vs/workbench/api/node/extensionHostProcess.js:673:114056)
	at i.$onDidDisposeWebviewPanel (file:///usr/share/code/resources/app/out/vs/workbench/api/node/extensionHostProcess.js:673:116323)
	at i._doInvokeHandler (file:///usr/share/code/resources/app/out/vs/workbench/api/node/extensionHostProcess.js:435:158411)
	at i._invokeHandler (file:///usr/share/code/resources/app/out/vs/workbench/api/node/extensionHostProcess.js:435:158159)
	at i._receiveRequest (file:///usr/share/code/resources/app/out/vs/workbench/api/node/extensionHostProcess.js:435:156941)
	at i._receiveOneMessage (file:///usr/share/code/resources/app/out/vs/workbench/api/node/extensionHostProcess.js:435:155779)
	at Pp.value (file:///usr/share/code/resources/app/out/vs/workbench/api/node/extensionHostProcess.js:435:153854)
	at T._deliver (file:///usr/share/code/resources/app/out/vs/workbench/api/node/extensionHostProcess.js:431:3244)
	at T.fire (file:///usr/share/code/resources/app/out/vs/workbench/api/node/extensionHostProcess.js:431:3562)
	at fs.fire (file:///usr/share/code/resources/app/out/vs/workbench/api/node/extensionHostProcess.js:433:8509)
	at Pp.value (file:///usr/share/code/resources/app/out/vs/workbench/api/node/extensionHostProcess.js:852:10003)
	at T._deliver (file:///usr/share/code/resources/app/out/vs/workbench/api/node/extensionHostProcess.js:431:3244)
	at T.fire (file:///usr/share/code/resources/app/out/vs/workbench/api/node/extensionHostProcess.js:431:3562)
	at fs.fire (file:///usr/share/code/resources/app/out/vs/workbench/api/node/extensionHostProcess.js:433:8509)
	at MessagePortMain.<anonymous> (file:///usr/share/code/resources/app/out/vs/workbench/api/node/extensionHostProcess.js:852:8171)
	at MessagePortMain.emit (node:events:509:28)
	at Object.emit (node:electron/js2c/utility_init:2:2934)
2026-07-24 18:01:23.342 [error] TypeError: Assignment to constant variable.
	at Pp.value (/home/atg/.vscode/extensions/dutchigor.json-viewer-0.1.0/editor/json-grid-editor-provider.js:25:19)
	at T._deliver (file:///usr/share/code/resources/app/out/vs/workbench/api/node/extensionHostProcess.js:431:3244)
	at T.fire (file:///usr/share/code/resources/app/out/vs/workbench/api/node/extensionHostProcess.js:431:3562)
	at xU.dispose (file:///usr/share/code/resources/app/out/vs/workbench/api/node/extensionHostProcess.js:673:114056)
	at i.$onDidDisposeWebviewPanel (file:///usr/share/code/resources/app/out/vs/workbench/api/node/extensionHostProcess.js:673:116323)
	at i._doInvokeHandler (file:///usr/share/code/resources/app/out/vs/workbench/api/node/extensionHostProcess.js:435:158411)
	at i._invokeHandler (file:///usr/share/code/resources/app/out/vs/workbench/api/node/extensionHostProcess.js:435:158159)
	at i._receiveRequest (file:///usr/share/code/resources/app/out/vs/workbench/api/node/extensionHostProcess.js:435:156941)
	at i._receiveOneMessage (file:///usr/share/code/resources/app/out/vs/workbench/api/node/extensionHostProcess.js:435:155779)
	at Pp.value (file:///usr/share/code/resources/app/out/vs/workbench/api/node/extensionHostProcess.js:435:153854)
	at T._deliver (file:///usr/share/code/resources/app/out/vs/workbench/api/node/extensionHostProcess.js:431:3244)
	at T.fire (file:///usr/share/code/resources/app/out/vs/workbench/api/node/extensionHostProcess.js:431:3562)
	at fs.fire (file:///usr/share/code/resources/app/out/vs/workbench/api/node/extensionHostProcess.js:433:8509)
	at Pp.value (file:///usr/share/code/resources/app/out/vs/workbench/api/node/extensionHostProcess.js:852:10003)
	at T._deliver (file:///usr/share/code/resources/app/out/vs/workbench/api/node/extensionHostProcess.js:431:3244)
	at T.fire (file:///usr/share/code/resources/app/out/vs/workbench/api/node/extensionHostProcess.js:431:3562)
	at fs.fire (file:///usr/share/code/resources/app/out/vs/workbench/api/node/extensionHostProcess.js:433:8509)
	at MessagePortMain.<anonymous> (file:///usr/share/code/resources/app/out/vs/workbench/api/node/extensionHostProcess.js:852:8171)
	at MessagePortMain.emit (node:events:509:28)
	at Object.emit (node:electron/js2c/utility_init:2:2934)
2026-07-24 18:11:34.148 [info] Extension host terminating: received terminate message from renderer
2026-07-24 18:11:34.183 [info] Extension host with pid 8833 exiting with code 0
