2026-07-30 17:50:13.038 [info] Reading sessions from keychain...
2026-07-30 17:50:13.038 [info] Getting sessions for all scopes...
2026-07-30 17:50:13.072 [info] Got 0 sessions for ...
2026-07-30 17:50:13.072 [info] Getting sessions for all scopes...
2026-07-30 17:50:13.072 [info] Got 0 sessions for ...
2026-07-30 17:50:13.072 [info] Getting sessions for all scopes...
2026-07-30 17:50:13.072 [info] Got 0 sessions for ...
2026-07-30 17:50:13.072 [info] Getting sessions for all scopes...
2026-07-30 17:50:13.072 [info] Got 0 sessions for ...
2026-07-30 17:50:13.165 [info] Getting sessions for all scopes...
2026-07-30 17:50:13.165 [info] Got 0 sessions for ...
2026-07-30 17:50:13.468 [info] Getting sessions for all scopes...
2026-07-30 17:50:13.468 [info] Got 0 sessions for ...
2026-07-30 17:50:13.532 [info] Getting sessions for all scopes...
2026-07-30 17:50:13.532 [info] Got 0 sessions for ...
2026-07-30 17:50:13.548 [info] Getting sessions for user:email...
2026-07-30 17:50:13.548 [info] Got 0 sessions for user:email...
2026-07-30 17:50:13.633 [info] Getting sessions for all scopes...
2026-07-30 17:50:13.634 [info] Got 0 sessions for ...
2026-07-30 17:50:13.709 [info] Getting sessions for read:user,user:email...
2026-07-30 17:50:13.709 [info] Got 0 sessions for read:user,user:email...
2026-07-30 17:50:13.780 [info] Getting sessions for all scopes...
2026-07-30 17:50:13.780 [info] Got 0 sessions for ...
2026-07-30 17:50:13.842 [info] Getting sessions for repo...
2026-07-30 17:50:13.842 [info] Got 0 sessions for repo...
2026-07-30 17:50:13.853 [info] Getting sessions for read:user,repo,user:email,workflow...
2026-07-30 17:50:13.853 [info] Got 0 sessions for read:user,repo,user:email,workflow...
2026-07-30 17:50:13.868 [info] Getting sessions for all scopes...
2026-07-30 17:50:13.868 [info] Got 0 sessions for ...
2026-07-30 17:50:13.945 [info] Getting sessions for read:user,user:email...
2026-07-30 17:50:13.945 [info] Got 0 sessions for read:user,user:email...
2026-07-30 17:50:14.005 [info] Getting sessions for all scopes...
2026-07-30 17:50:14.005 [info] Got 0 sessions for ...
2026-07-30 17:50:14.024 [info] Getting sessions for repo...
2026-07-30 17:50:14.024 [info] Got 0 sessions for repo...
2026-07-30 17:50:14.050 [info] Getting sessions for all scopes...
2026-07-30 17:50:14.050 [info] Got 0 sessions for ...
2026-07-30 17:50:14.093 [info] Getting sessions for read:user,user:email...
2026-07-30 17:50:14.093 [info] Got 0 sessions for read:user,user:email...
2026-07-30 17:50:14.094 [info] Getting sessions for all scopes...
2026-07-30 17:50:14.094 [info] Got 0 sessions for ...
2026-07-30 17:50:14.094 [info] Getting sessions for all scopes...
2026-07-30 17:50:14.094 [info] Got 0 sessions for ...
2026-07-30 17:50:14.095 [info] Getting sessions for repo...
2026-07-30 17:50:14.095 [info] Got 0 sessions for repo...
2026-07-30 17:50:14.096 [info] Getting sessions for all scopes...
2026-07-30 17:50:14.096 [info] Got 0 sessions for ...
2026-07-30 17:50:14.097 [info] Getting sessions for read:user,user:email...
2026-07-30 17:50:14.097 [info] Got 0 sessions for read:user,user:email...
2026-07-30 17:50:14.097 [info] Getting sessions for all scopes...
2026-07-30 17:50:14.097 [info] Got 0 sessions for ...
2026-07-30 17:50:14.098 [info] Getting sessions for repo...
2026-07-30 17:50:14.098 [info] Got 0 sessions for repo...
2026-07-30 17:50:14.098 [info] Getting sessions for all scopes...
2026-07-30 17:50:14.098 [info] Got 0 sessions for ...
2026-07-30 17:50:14.807 [info] Getting sessions for all scopes...
2026-07-30 17:50:14.807 [info] Got 0 sessions for ...
2026-07-30 17:50:16.090 [info] Getting sessions for all scopes...
2026-07-30 17:50:16.090 [info] Got 0 sessions for ...
2026-07-30 17:50:16.121 [info] Getting sessions for all scopes...
2026-07-30 17:50:16.121 [info] Got 0 sessions for ...
2026-07-30 17:50:21.564 [info] Getting sessions for all scopes...
2026-07-30 17:50:21.564 [info] Got 0 sessions for ...
