2026-07-24 23:18:07.809 [info] Reading sessions from keychain...
2026-07-24 23:18:07.809 [info] Getting sessions for all scopes...
2026-07-24 23:18:07.818 [info] Got 0 sessions for ...
2026-07-24 23:18:07.818 [info] Getting sessions for all scopes...
2026-07-24 23:18:07.818 [info] Got 0 sessions for ...
2026-07-24 23:18:07.846 [info] Getting sessions for all scopes...
2026-07-24 23:18:07.846 [info] Got 0 sessions for ...
2026-07-24 23:18:08.030 [info] Getting sessions for all scopes...
2026-07-24 23:18:08.030 [info] Got 0 sessions for ...
2026-07-24 23:18:08.362 [info] Getting sessions for read:user,repo,user:email,workflow...
2026-07-24 23:18:08.362 [info] Got 0 sessions for read:user,repo,user:email,workflow...
2026-07-24 23:18:08.363 [info] Getting sessions for all scopes...
2026-07-24 23:18:08.363 [info] Got 0 sessions for ...
2026-07-24 23:18:08.480 [info] Getting sessions for user:email...
2026-07-24 23:18:08.480 [info] Got 0 sessions for user:email...
2026-07-24 23:18:08.656 [info] Getting sessions for all scopes...
2026-07-24 23:18:08.656 [info] Got 0 sessions for ...
2026-07-24 23:18:08.669 [info] Getting sessions for read:user,user:email...
2026-07-24 23:18:08.669 [info] Got 0 sessions for read:user,user:email...
2026-07-24 23:18:08.673 [info] Getting sessions for all scopes...
2026-07-24 23:18:08.673 [info] Got 0 sessions for ...
2026-07-24 23:18:08.674 [info] Getting sessions for repo...
2026-07-24 23:18:08.674 [info] Got 0 sessions for repo...
2026-07-24 23:18:08.674 [info] Getting sessions for all scopes...
2026-07-24 23:18:08.674 [info] Got 0 sessions for ...
2026-07-24 23:18:08.675 [info] Getting sessions for read:user,user:email...
2026-07-24 23:18:08.675 [info] Got 0 sessions for read:user,user:email...
2026-07-24 23:18:08.675 [info] Getting sessions for all scopes...
2026-07-24 23:18:08.675 [info] Got 0 sessions for ...
2026-07-24 23:18:08.676 [info] Getting sessions for repo...
2026-07-24 23:18:08.676 [info] Got 0 sessions for repo...
2026-07-24 23:18:08.676 [info] Getting sessions for all scopes...
2026-07-24 23:18:08.676 [info] Got 0 sessions for ...
2026-07-24 23:18:08.682 [info] Getting sessions for all scopes...
2026-07-24 23:18:08.682 [info] Got 0 sessions for ...
2026-07-24 23:18:08.840 [info] Getting sessions for all scopes...
2026-07-24 23:18:08.840 [info] Got 0 sessions for ...
2026-07-24 23:18:09.595 [info] Getting sessions for all scopes...
2026-07-24 23:18:09.595 [info] Got 0 sessions for ...
2026-07-24 23:18:09.675 [info] Getting sessions for all scopes...
2026-07-24 23:18:09.675 [info] Got 0 sessions for ...
2026-07-24 23:18:29.097 [info] Getting sessions for all scopes...
2026-07-24 23:18:29.097 [info] Got 0 sessions for ...
2026-07-24 23:18:29.138 [info] Getting sessions for all scopes...
2026-07-24 23:18:29.138 [info] Got 0 sessions for ...
